Archive member included to satisfy reference by file (symbol)

c:/program files (x86)/gnu tools arm embedded/5.4 2016q3/bin/../lib/gcc/arm-none-eabi/5.4.1/armv6-m\libgcc.a(_udivsi3.o)
                              ./system/src/stm32f0-stdperiph/stm32f0xx_rcc.o (__aeabi_uidiv)
c:/program files (x86)/gnu tools arm embedded/5.4 2016q3/bin/../lib/gcc/arm-none-eabi/5.4.1/armv6-m\libgcc.a(_dvmd_tls.o)
                              c:/program files (x86)/gnu tools arm embedded/5.4 2016q3/bin/../lib/gcc/arm-none-eabi/5.4.1/armv6-m\libgcc.a(_udivsi3.o) (__aeabi_idiv0)
c:/program files (x86)/gnu tools arm embedded/5.4 2016q3/bin/../lib/gcc/arm-none-eabi/5.4.1/armv6-m\libgcc.a(_arm_cmpsf2.o)
                              ./src/lcd.o (__aeabi_fcmplt)
c:/program files (x86)/gnu tools arm embedded/5.4 2016q3/bin/../lib/gcc/arm-none-eabi/5.4.1/armv6-m\libgcc.a(_fixunssfsi.o)
                              ./src/main.o (__aeabi_f2uiz)
c:/program files (x86)/gnu tools arm embedded/5.4 2016q3/bin/../lib/gcc/arm-none-eabi/5.4.1/armv6-m\libgcc.a(addsf3.o)
                              ./src/main.o (__aeabi_fadd)
c:/program files (x86)/gnu tools arm embedded/5.4 2016q3/bin/../lib/gcc/arm-none-eabi/5.4.1/armv6-m\libgcc.a(divsf3.o)
                              ./src/lcd.o (__aeabi_fdiv)
c:/program files (x86)/gnu tools arm embedded/5.4 2016q3/bin/../lib/gcc/arm-none-eabi/5.4.1/armv6-m\libgcc.a(eqsf2.o)
                              c:/program files (x86)/gnu tools arm embedded/5.4 2016q3/bin/../lib/gcc/arm-none-eabi/5.4.1/armv6-m\libgcc.a(_arm_cmpsf2.o) (__eqsf2)
c:/program files (x86)/gnu tools arm embedded/5.4 2016q3/bin/../lib/gcc/arm-none-eabi/5.4.1/armv6-m\libgcc.a(gesf2.o)
                              c:/program files (x86)/gnu tools arm embedded/5.4 2016q3/bin/../lib/gcc/arm-none-eabi/5.4.1/armv6-m\libgcc.a(_arm_cmpsf2.o) (__gesf2)
c:/program files (x86)/gnu tools arm embedded/5.4 2016q3/bin/../lib/gcc/arm-none-eabi/5.4.1/armv6-m\libgcc.a(lesf2.o)
                              c:/program files (x86)/gnu tools arm embedded/5.4 2016q3/bin/../lib/gcc/arm-none-eabi/5.4.1/armv6-m\libgcc.a(_arm_cmpsf2.o) (__lesf2)
c:/program files (x86)/gnu tools arm embedded/5.4 2016q3/bin/../lib/gcc/arm-none-eabi/5.4.1/armv6-m\libgcc.a(mulsf3.o)
                              ./src/main.o (__aeabi_fmul)
c:/program files (x86)/gnu tools arm embedded/5.4 2016q3/bin/../lib/gcc/arm-none-eabi/5.4.1/armv6-m\libgcc.a(subsf3.o)
                              c:/program files (x86)/gnu tools arm embedded/5.4 2016q3/bin/../lib/gcc/arm-none-eabi/5.4.1/armv6-m\libgcc.a(_fixunssfsi.o) (__aeabi_fsub)
c:/program files (x86)/gnu tools arm embedded/5.4 2016q3/bin/../lib/gcc/arm-none-eabi/5.4.1/armv6-m\libgcc.a(fixsfsi.o)
                              c:/program files (x86)/gnu tools arm embedded/5.4 2016q3/bin/../lib/gcc/arm-none-eabi/5.4.1/armv6-m\libgcc.a(_fixunssfsi.o) (__aeabi_f2iz)
c:/program files (x86)/gnu tools arm embedded/5.4 2016q3/bin/../lib/gcc/arm-none-eabi/5.4.1/armv6-m\libgcc.a(floatunsisf.o)
                              ./src/main.o (__aeabi_ui2f)
c:/program files (x86)/gnu tools arm embedded/5.4 2016q3/bin/../lib/gcc/arm-none-eabi/5.4.1/armv6-m\libgcc.a(divdf3.o)
                              ./src/main.o (__aeabi_ddiv)
c:/program files (x86)/gnu tools arm embedded/5.4 2016q3/bin/../lib/gcc/arm-none-eabi/5.4.1/armv6-m\libgcc.a(extendsfdf2.o)
                              ./src/lcd.o (__aeabi_f2d)
c:/program files (x86)/gnu tools arm embedded/5.4 2016q3/bin/../lib/gcc/arm-none-eabi/5.4.1/armv6-m\libgcc.a(truncdfsf2.o)
                              ./src/main.o (__aeabi_d2f)
c:/program files (x86)/gnu tools arm embedded/5.4 2016q3/bin/../lib/gcc/arm-none-eabi/5.4.1/armv6-m\libgcc.a(_clzsi2.o)
                              c:/program files (x86)/gnu tools arm embedded/5.4 2016q3/bin/../lib/gcc/arm-none-eabi/5.4.1/armv6-m\libgcc.a(addsf3.o) (__clzsi2)
c:/program files (x86)/gnu tools arm embedded/5.4 2016q3/bin/../lib/gcc/arm-none-eabi/5.4.1/../../../../arm-none-eabi/lib/armv6-m\libg_nano.a(lib_a-errno.o)
                              ./system/src/newlib/_sbrk.o (__errno)
c:/program files (x86)/gnu tools arm embedded/5.4 2016q3/bin/../lib/gcc/arm-none-eabi/5.4.1/../../../../arm-none-eabi/lib/armv6-m\libg_nano.a(lib_a-findfp.o)
                              ./system/src/newlib/_syscalls.o (__sinit)
c:/program files (x86)/gnu tools arm embedded/5.4 2016q3/bin/../lib/gcc/arm-none-eabi/5.4.1/../../../../arm-none-eabi/lib/armv6-m\libg_nano.a(lib_a-fwalk.o)
                              c:/program files (x86)/gnu tools arm embedded/5.4 2016q3/bin/../lib/gcc/arm-none-eabi/5.4.1/../../../../arm-none-eabi/lib/armv6-m\libg_nano.a(lib_a-findfp.o) (_fwalk)
c:/program files (x86)/gnu tools arm embedded/5.4 2016q3/bin/../lib/gcc/arm-none-eabi/5.4.1/../../../../arm-none-eabi/lib/armv6-m\libg_nano.a(lib_a-impure.o)
[...]
Memory Configuration

Name             Origin             Length             Attributes
RAM              0x20000000         0x00002000         xrw
CCMRAM           0x00000000         0x00000000         xrw
FLASH            0x08000000         0x00010000         xr
FLASHB1          0x00000000         0x00000000         xr
EXTMEMB0         0x00000000         0x00000000         xr
EXTMEMB1         0x00000000         0x00000000         xr
EXTMEMB2         0x00000000         0x00000000         xr
EXTMEMB3         0x00000000         0x00000000         xr
MEMORY_ARRAY     0x00000000         0x00000000         xrw
*default*        0x00000000         0xffffffff

Linker script and memory map

LOAD ./system/src/stm32f0-stdperiph/stm32f0xx_gpio.o
LOAD ./system/src/stm32f0-stdperiph/stm32f0xx_rcc.o
LOAD ./system/src/stm32f0-stdperiph/stm32f0xx_spi.o
LOAD ./system/src/newlib/_cxx.o
LOAD ./system/src/newlib/_exit.o
LOAD ./system/src/newlib/_sbrk.o
LOAD ./system/src/newlib/_startup.o
LOAD ./system/src/newlib/_syscalls.o
LOAD ./system/src/newlib/assert.o
LOAD ./system/src/diag/Trace.o
LOAD ./system/src/diag/trace_impl.o
LOAD ./system/src/cortexm/_initialize_hardware.o
LOAD ./system/src/cortexm/_reset_hardware.o
LOAD ./system/src/cortexm/exception_handlers.o
LOAD ./system/src/cmsis/system_stm32f0xx.o
LOAD ./system/src/cmsis/vectors_stm32f0xx.o
LOAD ./src/_write.o
LOAD ./src/lcd.o
LOAD ./src/main.o
LOAD c:/program files (x86)/gnu tools arm embedded/5.4 2016q3/bin/../lib/gcc/arm-none-eabi/5.4.1/../../../../arm-none-eabi/lib/armv6-m\libstdc++_nano.a
LOAD c:/program files (x86)/gnu tools arm embedded/5.4 2016q3/bin/../lib/gcc/arm-none-eabi/5.4.1/../../../../arm-none-eabi/lib/armv6-m\libm.a
START GROUP
LOAD c:/program files (x86)/gnu tools arm embedded/5.4 2016q3/bin/../lib/gcc/arm-none-eabi/5.4.1/armv6-m\libgcc.a
LOAD c:/program files (x86)/gnu tools arm embedded/5.4 2016q3/bin/../lib/gcc/arm-none-eabi/5.4.1/../../../../arm-none-eabi/lib/armv6-m\libg_nano.a
LOAD c:/program files (x86)/gnu tools arm embedded/5.4 2016q3/bin/../lib/gcc/arm-none-eabi/5.4.1/../../../../arm-none-eabi/lib/armv6-m\libc_nano.a
END GROUP
START GROUP
LOAD c:/program files (x86)/gnu tools arm embedded/5.4 2016q3/bin/../lib/gcc/arm-none-eabi/5.4.1/armv6-m\libgcc.a
LOAD c:/program files (x86)/gnu tools arm embedded/5.4 2016q3/bin/../lib/gcc/arm-none-eabi/5.4.1/../../../../arm-none-eabi/lib/armv6-m\libc_nano.a
END GROUP
                0x20002000                __stack = (ORIGIN (RAM) + LENGTH (RAM))
                0x20002000                _estack = __stack
                0x00000400                __Main_Stack_Size = 0x400
                [!provide]                PROVIDE (_Main_Stack_Size, __Main_Stack_Size)
                0x20001c00                __Main_Stack_Limit = (__stack - __Main_Stack_Size)
                [!provide]                PROVIDE (_Main_Stack_Limit, __Main_Stack_Limit)
                0x00000100                _Minimum_Stack_Size = 0x100
                0x200003b4                PROVIDE (_Heap_Begin, _end_noinit)
                0x20001c00                PROVIDE (_Heap_Limit, (__stack - __Main_Stack_Size))

.isr_vector     0x08000000      0x230
 FILL mask 0xff
                0x08000000                __vectors_start = ABSOLUTE (.)
                0x08000000                __vectors_start__ = ABSOLUTE (.)
 *(.isr_vector)
 .isr_vector    0x08000000       0xc4 ./system/src/cmsis/vectors_stm32f0xx.o
                0x08000000                g_pfnVectors
 *(.cfmconfig)
 *(.after_vectors .after_vectors.*)
 .after_vectors
                0x080000c4      0x118 ./system/src/newlib/_startup.o
                0x080000c4                _start
 .after_vectors
                0x080001dc       0x50 ./system/src/cortexm/exception_handlers.o
                0x080001dc                Reset_Handler
                0x080001e4                NMI_Handler
                0x080001e8                HardFault_Handler
                0x08000200                HardFault_Handler_C
                0x0800021c                SVC_Handler
                0x08000220                PendSV_Handler
                0x08000224                SysTick_Handler
 .after_vectors
                0x0800022c        0x4 ./system/src/cmsis/vectors_stm32f0xx.o
                0x0800022c                TIM1_CC_IRQHandler
                0x0800022c                TSC_IRQHandler
                0x0800022c                ADC1_COMP_IRQHandler
                0x0800022c                TIM6_IRQHandler
                0x0800022c                PVD_IRQHandler
                0x0800022c                I2C1_IRQHandler
                0x0800022c                RCC_CRS_IRQHandler
                0x0800022c                SPI1_IRQHandler
                0x0800022c                TIM6_DAC_IRQHandler
                0x0800022c                USART3_4_IRQHandler
                0x0800022c                EXTI2_3_IRQHandler
                0x0800022c                ADC1_IRQHandler
                0x0800022c                I2C2_IRQHandler
                0x0800022c                USART3_6_IRQHandler
                0x0800022c                TIM17_IRQHandler
                0x0800022c                CEC_CAN_IRQHandler
                0x0800022c                RTC_IRQHandler
                0x0800022c                PVD_VDDIO2_IRQHandler
                0x0800022c                DMA1_Channel4_5_6_7_IRQHandler
                0x0800022c                TIM3_IRQHandler
                0x0800022c                RCC_IRQHandler
                0x0800022c                EXTI4_15_IRQHandler
                0x0800022c                USART3_8_IRQHandler
                0x0800022c                DMA1_Channel1_IRQHandler
                0x0800022c                Default_Handler
                0x0800022c                CEC_IRQHandler
                0x0800022c                TIM14_IRQHandler
                0x0800022c                DMA1_Channel4_5_IRQHandler
                0x0800022c                TIM7_IRQHandler
                0x0800022c                TIM15_IRQHandler
                0x0800022c                USB_IRQHandler
                0x0800022c                SPI2_IRQHandler
                0x0800022c                DMA1_Ch2_3_DMA2_Ch1_2_IRQHandler
                0x0800022c                DMA1_Ch4_7_DMA2_Ch3_5_IRQHandler
                0x0800022c                TS_IRQHandler
                0x0800022c                WWDG_IRQHandler
                0x0800022c                DMA1_Channel2_3_IRQHandler
                0x0800022c                USART2_IRQHandler
                0x0800022c                VDDIO2_IRQHandler
                0x0800022c                FLASH_IRQHandler
                0x0800022c                USART1_IRQHandler
                0x0800022c                TIM1_BRK_UP_TRG_COM_IRQHandler

.inits          0x08000230       0x28
                0x08000230                __data_regions_array_start = .
                0x08000230        0x4 LONG 0x8006890 LOADADDR (.data)
                0x08000234        0x4 LONG 0x20000000 ADDR (.data)
                0x08000238        0x4 LONG 0x200001ec (ADDR (.data) + SIZEOF (.data))
                0x0800023c        0x4 LONG 0x8006890 LOADADDR (.data_CCMRAM)
                0x08000240        0x4 LONG 0x0 ADDR (.data_CCMRAM)
                0x08000244        0x4 LONG 0x0 (ADDR (.data_CCMRAM) + SIZEOF (.data_CCMRAM))
                0x08000248                __data_regions_array_end = .
                0x08000248                __bss_regions_array_start = .
                0x08000248        0x4 LONG 0x200001ec ADDR (.bss)
                0x0800024c        0x4 LONG 0x200003b4 (ADDR (.bss) + SIZEOF (.bss))
                0x08000250        0x4 LONG 0x0 ADDR (.bss_CCMRAM)
                0x08000254        0x4 LONG 0x0 (ADDR (.bss_CCMRAM) + SIZEOF (.bss_CCMRAM))
                0x08000258                __bss_regions_array_end = .
 *(.init)
 *(.fini)
                0x08000258                . = ALIGN (0x4)
                0x08000258                PROVIDE (__preinit_array_start, .)
 *(.preinit_array_sysinit .preinit_array_sysinit.*)
 *(.preinit_array_platform .preinit_array_platform.*)
 *(.preinit_array .preinit_array.*)
                0x08000258                PROVIDE (__preinit_array_end, .)
                0x08000258                . = ALIGN (0x4)
                0x08000258                PROVIDE (__init_array_start, .)
 *(SORT(.init_array.*))
 *(.init_array)
                0x08000258                PROVIDE (__init_array_end, .)
                0x08000258                . = ALIGN (0x4)
                0x08000258                PROVIDE (__fini_array_start, .)
 *(SORT(.fini_array.*))
 *(.fini_array)
                0x08000258                PROVIDE (__fini_array_end, .)

.flashtext
 *(.flashtext .flashtext.*)

.text           0x08000258     0x6638
 *(.text .text.*)
 .text.GPIO_Init
                0x08000258      0x118 ./system/src/stm32f0-stdperiph/stm32f0xx_gpio.o
                0x08000258                GPIO_Init
 .text.RCC_AHBPeriphClockCmd
                0x08000370       0x50 ./system/src/stm32f0-stdperiph/stm32f0xx_rcc.o
                0x08000370                RCC_AHBPeriphClockCmd
 .text.RCC_APB2PeriphClockCmd
                0x080003c0       0x50 ./system/src/stm32f0-stdperiph/stm32f0xx_rcc.o
                0x080003c0                RCC_APB2PeriphClockCmd
 .text.SPI_Init
                0x08000410      0x1ac ./system/src/stm32f0-stdperiph/stm32f0xx_spi.o
                0x08000410                SPI_Init
 .text.SPI_Cmd  0x080005bc       0x50 ./system/src/stm32f0-stdperiph/stm32f0xx_spi.o
                0x080005bc                SPI_Cmd
 .text.SPI_SendData8
                0x0800060c       0x2c ./system/src/stm32f0-stdperiph/stm32f0xx_spi.o
                0x0800060c                SPI_SendData8
 .text.SPI_I2S_GetFlagStatus
                0x08000638       0x6c ./system/src/stm32f0-stdperiph/stm32f0xx_spi.o
                0x08000638                SPI_I2S_GetFlagStatus
 .text.abort    0x080006a4       0x14 ./system/src/newlib/_exit.o
                0x080006a4                abort
 .text._sbrk    0x080006b8       0x44 ./system/src/newlib/_sbrk.o
                0x080006b8                _sbrk
 .text._exit    0x080006fc       0x20 ./system/src/newlib/_syscalls.o
                0x080006fc                _exit
 .text.initialise_monitor_handles
                0x0800071c       0xa8 ./system/src/newlib/_syscalls.o
                0x0800071c                initialise_monitor_handles
 .text.__initialize_args
                0x080007c4      0x114 ./system/src/newlib/_syscalls.o
                0x080007c4                __initialize_args
 .text.assert_failed
                0x080008d8       0x14 ./system/src/newlib/assert.o
                0x080008d8                assert_failed
 .text.trace_printf
                0x080008ec       0x2c ./system/src/diag/Trace.o
                0x080008ec                trace_printf
 .text.trace_puts
                0x08000918       0x20 ./system/src/diag/Trace.o
                0x08000918                trace_puts
 .text._trace_write_semihosting_debug
                0x08000938       0x68 ./system/src/diag/trace_impl.o
 .text.trace_write
                0x080009a0        0x8 ./system/src/diag/trace_impl.o
                0x080009a0                trace_write
 .text.__initialize_hardware_early
                0x080009a8        0x8 ./system/src/cortexm/_initialize_hardware.o
                0x080009a8                __initialize_hardware_early
 .text.__initialize_hardware
                0x080009b0        0x8 ./system/src/cortexm/_initialize_hardware.o
                0x080009b0                __initialize_hardware
 .text.dumpExceptionStack
                0x080009b8       0x88 ./system/src/cortexm/exception_handlers.o
                0x080009b8                dumpExceptionStack
 .text.SetSysClock
                0x08000a40       0xb0 ./system/src/cmsis/system_stm32f0xx.o
 .text.SystemInit
                0x08000af0       0x64 ./system/src/cmsis/system_stm32f0xx.o
                0x08000af0                SystemInit
 .text.SystemCoreClockUpdate
                0x08000b54       0x94 ./system/src/cmsis/system_stm32f0xx.o
                0x08000b54                SystemCoreClockUpdate
 .text.mySPI_Init
                0x08000be8       0x54 ./src/lcd.o
                0x08000be8                mySPI_Init
 .text.myGPIOB_Init
                0x08000c3c       0x4c ./src/lcd.o
                0x08000c3c                myGPIOB_Init
 .text.writeToLCD
                0x08000c88       0x50 ./src/lcd.o
                0x08000c88                writeToLCD
 .text.setDelay
                0x08000cd8       0x38 ./src/lcd.o
                0x08000cd8                setDelay
 .text.sendType
                0x08000d10       0x48 ./src/lcd.o
                0x08000d10                sendType
 .text.sendString
                0x08000d58       0x1c ./src/lcd.o
                0x08000d58                sendString
 .text.moveCursor
                0x08000d74       0x20 ./src/lcd.o
                0x08000d74                moveCursor
 .text.myDelay_Init
                0x08000d94       0x30 ./src/lcd.o
                0x08000d94                myDelay_Init
 .text.myLCD_Init
                0x08000dc4       0x64 ./src/lcd.o
                0x08000dc4                myLCD_Init
 .text.updateValues
                0x08000e28       0x80 ./src/lcd.o
                0x08000e28                updateValues
 .text.myGPIOA_Init
                0x08000ea8       0x44 ./src/main.o
                0x08000ea8                myGPIOA_Init
 .text.myTIM2_Init
                0x08000eec       0x50 ./src/main.o
                0x08000eec                myTIM2_Init
 .text.myEXTI_Init
                0x08000f3c       0x3c ./src/main.o
                0x08000f3c                myEXTI_Init
 .text.myTIM16_Init
                0x08000f78       0x74 ./src/main.o
                0x08000f78                myTIM16_Init
 .text.myDAC_Init
                0x08000fec       0x20 ./src/main.o
                0x08000fec                myDAC_Init
 .text.myADC_Init
                0x0800100c       0x48 ./src/main.o
                0x0800100c                myADC_Init
 .text.potADCValue
                0x08001054       0x28 ./src/main.o
                0x08001054                potADCValue
 .text.mapDac   0x0800107c       0x48 ./src/main.o
                0x0800107c                mapDac
 .text.startPotWatcher
                0x080010c4       0x38 ./src/main.o
                0x080010c4                startPotWatcher
 .text.main     0x080010fc       0x24 ./src/main.o
                0x080010fc                main
 .text.TIM2_IRQHandler
                0x08001120       0x30 ./src/main.o
                0x08001120                TIM2_IRQHandler
 .text.TIM16_IRQHandler
                0x08001150       0x40 ./src/main.o
                0x08001150                TIM16_IRQHandler
 .text.EXTI0_1_IRQHandler
                0x08001190       0x7c ./src/main.o
                0x08001190                EXTI0_1_IRQHandler
 .text          0x0800120c      0x114 c:/program files (x86)/gnu tools arm embedded/5.4 2016q3/bin/../lib/gcc/arm-none-eabi/5.4.1/armv6-m\libgcc.a(_udivsi3.o)
                0x0800120c                __aeabi_uidiv
                0x0800120c                __udivsi3
                0x08001318                __aeabi_uidivmod
 .text          0x08001320        0x4 c:/program files (x86)/gnu tools arm embedded/5.4 2016q3/bin/../lib/gcc/arm-none-eabi/5.4.1/armv6-m\libgcc.a(_dvmd_tls.o)
                0x08001320                __aeabi_idiv0
                0x08001320                __aeabi_ldiv0
 .text          0x08001324       0x74 c:/program files (x86)/gnu tools arm embedded/5.4 2016q3/bin/../lib/gcc/arm-none-eabi/5.4.1/armv6-m\libgcc.a(_arm_cmpsf2.o)
                0x08001324                __aeabi_cfrcmple
                0x0800132c                __aeabi_cfcmpeq
                0x0800132c                __aeabi_cfcmple
                0x0800133c                __aeabi_fcmpeq
                0x08001348                __aeabi_fcmplt
                0x0800135c                __aeabi_fcmple
                0x08001370                __aeabi_fcmpgt
                0x08001384                __aeabi_fcmpge
 .text          0x08001398       0x30 c:/program files (x86)/gnu tools arm embedded/5.4 2016q3/bin/../lib/gcc/arm-none-eabi/5.4.1/armv6-m\libgcc.a(_fixunssfsi.o)
                0x08001398                __fixunssfsi
                0x08001398                __aeabi_f2uiz
 .text          0x080013c8      0x2ec c:/program files (x86)/gnu tools arm embedded/5.4 2016q3/bin/../lib/gcc/arm-none-eabi/5.4.1/armv6-m\libgcc.a(addsf3.o)
                0x080013c8                __aeabi_fadd
 .text          0x080016b4      0x234 c:/program files (x86)/gnu tools arm embedded/5.4 2016q3/bin/../lib/gcc/arm-none-eabi/5.4.1/armv6-m\libgcc.a(divsf3.o)
                0x080016b4                __aeabi_fdiv
 .text          0x080018e8       0x50 c:/program files (x86)/gnu tools arm embedded/5.4 2016q3/bin/../lib/gcc/arm-none-eabi/5.4.1/armv6-m\libgcc.a(eqsf2.o)
                0x080018e8                __eqsf2
                0x080018e8                __nesf2
 .text          0x08001938       0x88 c:/program files (x86)/gnu tools arm embedded/5.4 2016q3/bin/../lib/gcc/arm-none-eabi/5.4.1/armv6-m\libgcc.a(gesf2.o)
                0x08001938                __gesf2
                0x08001938                __gtsf2
 .text          0x080019c0       0x88 c:/program files (x86)/gnu tools arm embedded/5.4 2016q3/bin/../lib/gcc/arm-none-eabi/5.4.1/armv6-m\libgcc.a(lesf2.o)
                0x080019c0                __ltsf2
                0x080019c0                __lesf2
 .text          0x08001a48      0x228 c:/program files (x86)/gnu tools arm embedded/5.4 2016q3/bin/../lib/gcc/arm-none-eabi/5.4.1/armv6-m\libgcc.a(mulsf3.o)
                0x08001a48                __aeabi_fmul
 .text          0x08001c70      0x30c c:/program files (x86)/gnu tools arm embedded/5.4 2016q3/bin/../lib/gcc/arm-none-eabi/5.4.1/armv6-m\libgcc.a(subsf3.o)
                0x08001c70                __aeabi_fsub
 .text          0x08001f7c       0x44 c:/program files (x86)/gnu tools arm embedded/5.4 2016q3/bin/../lib/gcc/arm-none-eabi/5.4.1/armv6-m\libgcc.a(fixsfsi.o)
                0x08001f7c                __aeabi_f2iz
 .text          0x08001fc0       0x7c c:/program files (x86)/gnu tools arm embedded/5.4 2016q3/bin/../lib/gcc/arm-none-eabi/5.4.1/armv6-m\libgcc.a(floatunsisf.o)
                0x08001fc0                __aeabi_ui2f
 .text          0x0800203c      0x62c c:/program files (x86)/gnu tools arm embedded/5.4 2016q3/bin/../lib/gcc/arm-none-eabi/5.4.1/armv6-m\libgcc.a(divdf3.o)
                0x0800203c                __aeabi_ddiv
 .text          0x08002668       0xa8 c:/program files (x86)/gnu tools arm embedded/5.4 2016q3/bin/../lib/gcc/arm-none-eabi/5.4.1/armv6-m\libgcc.a(extendsfdf2.o)
                0x08002668                __aeabi_f2d
 .text          0x08002710      0x118 c:/program files (x86)/gnu tools arm embedded/5.4 2016q3/bin/../lib/gcc/arm-none-eabi/5.4.1/armv6-m\libgcc.a(truncdfsf2.o)
                0x08002710                __aeabi_d2f
 .text          0x08002828       0x3c c:/program files (x86)/gnu tools arm embedded/5.4 2016q3/bin/../lib/gcc/arm-none-eabi/5.4.1/armv6-m\libgcc.a(_clzsi2.o)
                0x08002828                __clzsi2
 .text.__errno  0x08002864        0xc c:/program files (x86)/gnu tools arm embedded/5.4 2016q3/bin/../lib/gcc/arm-none-eabi/5.4.1/../../../../arm-none-eabi/lib/armv6-m\libg_nano.a(lib_a-errno.o)
                0x08002864                __errno
 .text.__get_current_locale
                0x08002870       0x18 c:/program files (x86)/gnu tools arm embedded/5.4 2016q3/bin/../lib/gcc/arm-none-eabi/5.4.1/../../../../arm-none-eabi/lib/armv6-m\libg_nano.a(lib_a-locale.o)
 .text.__locale_ctype_ptr
                0x08002888       0x14 c:/program files (x86)/gnu tools arm embedded/5.4 2016q3/bin/../lib/gcc/arm-none-eabi/5.4.1/../../../../arm-none-eabi/lib/armv6-m\libg_nano.a(lib_a-locale.o)
                0x08002888                __locale_ctype_ptr
 .text.__ascii_mbtowc
                0x0800289c       0x24 c:/program files (x86)/gnu tools arm embedded/5.4 2016q3/bin/../lib/gcc/arm-none-eabi/5.4.1/../../../../arm-none-eabi/lib/armv6-m\libg_nano.a(lib_a-mbtowc_r.o)
                0x0800289c                __ascii_mbtowc
 .text.memset   0x080028c0       0x10 c:/program files (x86)/gnu tools arm embedded/5.4 2016q3/bin/../lib/gcc/arm-none-eabi/5.4.1/../../../../arm-none-eabi/lib/armv6-m\libg_nano.a(lib_a-memset.o)
                0x080028c0                memset
 .text._malloc_r
                0x080028d0       0xc0 c:/program files (x86)/gnu tools arm embedded/5.4 2016q3/bin/../lib/gcc/arm-none-eabi/5.4.1/../../../../arm-none-eabi/lib/armv6-m\libg_nano.a(lib_a-nano-mallocr.o)
                0x080028d0                _malloc_r
 .text.__cvt    0x08002990       0xca c:/program files (x86)/gnu tools arm embedded/5.4 2016q3/bin/../lib/gcc/arm-none-eabi/5.4.1/../../../../arm-none-eabi/lib/armv6-m\libg_nano.a(lib_a-nano-vfprintf_float.o)
                0x08002990                __cvt
 .text.__exponent
                0x08002a5a       0x62 c:/program files (x86)/gnu tools arm embedded/5.4 2016q3/bin/../lib/gcc/arm-none-eabi/5.4.1/../../../../arm-none-eabi/lib/armv6-m\libg_nano.a(lib_a-nano-vfprintf_float.o)
                0x08002a5a                __exponent
 .text._printf_float
                0x08002abc      0x4a0 c:/program files (x86)/gnu tools arm embedded/5.4 2016q3/bin/../lib/gcc/arm-none-eabi/5.4.1/../../../../arm-none-eabi/lib/armv6-m\libg_nano.a(lib_a-nano-vfprintf_float.o)
                0x08002abc                _printf_float
 .text._printf_common
                0x08002f5c       0xdc c:/program files (x86)/gnu tools arm embedded/5.4 2016q3/bin/../lib/gcc/arm-none-eabi/5.4.1/../../../../arm-none-eabi/lib/armv6-m\libg_nano.a(lib_a-nano-vfprintf_i.o)
                0x08002f5c                _printf_common
 .text._printf_i
                0x08003038      0x244 c:/program files (x86)/gnu tools arm embedded/5.4 2016q3/bin/../lib/gcc/arm-none-eabi/5.4.1/../../../../arm-none-eabi/lib/armv6-m\libg_nano.a(lib_a-nano-vfprintf_i.o)
                0x08003038                _printf_i
 .text._sbrk_r  0x0800327c       0x24 c:/program files (x86)/gnu tools arm embedded/5.4 2016q3/bin/../lib/gcc/arm-none-eabi/5.4.1/../../../../arm-none-eabi/lib/armv6-m\libg_nano.a(lib_a-sbrkr.o)
                0x0800327c                _sbrk_r
 .text.sprintf  0x080032a0       0x44 c:/program files (x86)/gnu tools arm embedded/5.4 2016q3/bin/../lib/gcc/arm-none-eabi/5.4.1/../../../../arm-none-eabi/lib/armv6-m\libg_nano.a(lib_a-sprintf.o)
                0x080032a0                siprintf
                0x080032a0                sprintf
 .text          0x080032e4        0xe c:/program files (x86)/gnu tools arm embedded/5.4 2016q3/bin/../lib/gcc/arm-none-eabi/5.4.1/../../../../arm-none-eabi/lib/armv6-m\libg_nano.a(lib_a-strlen.o)
                0x080032e4                strlen
 .text._vsnprintf_r
                0x080032f2       0x56 c:/program files (x86)/gnu tools arm embedded/5.4 2016q3/bin/../lib/gcc/arm-none-eabi/5.4.1/../../../../arm-none-eabi/lib/armv6-m\libg_nano.a(lib_a-vsnprintf.o)
                0x080032f2                _vsniprintf_r
                0x080032f2                _vsnprintf_r
 .text.vsnprintf
                0x08003348       0x18 c:/program files (x86)/gnu tools arm embedded/5.4 2016q3/bin/../lib/gcc/arm-none-eabi/5.4.1/../../../../arm-none-eabi/lib/armv6-m\libg_nano.a(lib_a-vsnprintf.o)
                0x08003348                vsniprintf
                0x08003348                vsnprintf
 .text.__ascii_wctomb
                0x08003360       0x18 c:/program files (x86)/gnu tools arm embedded/5.4 2016q3/bin/../lib/gcc/arm-none-eabi/5.4.1/../../../../arm-none-eabi/lib/armv6-m\libg_nano.a(lib_a-wctomb_r.o)
                0x08003360                __ascii_wctomb
 .text.quorem   0x08003378      0x10c c:/program files (x86)/gnu tools arm embedded/5.4 2016q3/bin/../lib/gcc/arm-none-eabi/5.4.1/../../../../arm-none-eabi/lib/armv6-m\libg_nano.a(lib_a-dtoa.o)
 .text._dtoa_r  0x08003484      0xb8c c:/program files (x86)/gnu tools arm embedded/5.4 2016q3/bin/../lib/gcc/arm-none-eabi/5.4.1/../../../../arm-none-eabi/lib/armv6-m\libg_nano.a(lib_a-dtoa.o)
                0x08003484                _dtoa_r
 .text._localeconv_r
                0x08004010       0x18 c:/program files (x86)/gnu tools arm embedded/5.4 2016q3/bin/../lib/gcc/arm-none-eabi/5.4.1/../../../../arm-none-eabi/lib/armv6-m\libg_nano.a(lib_a-localeconv.o)
                0x08004010                _localeconv_r
 .text.malloc   0x08004028       0x14 c:/program files (x86)/gnu tools arm embedded/5.4 2016q3/bin/../lib/gcc/arm-none-eabi/5.4.1/../../../../arm-none-eabi/lib/armv6-m\libg_nano.a(lib_a-malloc.o)
                0x08004028                malloc
 .text.memchr   0x0800403c       0x16 c:/program files (x86)/gnu tools arm embedded/5.4 2016q3/bin/../lib/gcc/arm-none-eabi/5.4.1/../../../../arm-none-eabi/lib/armv6-m\libg_nano.a(lib_a-memchr-stub.o)
                0x0800403c                memchr
 .text.memcpy   0x08004052       0x12 c:/program files (x86)/gnu tools arm embedded/5.4 2016q3/bin/../lib/gcc/arm-none-eabi/5.4.1/../../../../arm-none-eabi/lib/armv6-m\libg_nano.a(lib_a-memcpy-stub.o)
                0x08004052                memcpy
 .text.__malloc_lock
                0x08004064        0x2 c:/program files (x86)/gnu tools arm embedded/5.4 2016q3/bin/../lib/gcc/arm-none-eabi/5.4.1/../../../../arm-none-eabi/lib/armv6-m\libg_nano.a(lib_a-mlock.o)
                0x08004064                __malloc_lock
 .text.__malloc_unlock
                0x08004066        0x2 c:/program files (x86)/gnu tools arm embedded/5.4 2016q3/bin/../lib/gcc/arm-none-eabi/5.4.1/../../../../arm-none-eabi/lib/armv6-m\libg_nano.a(lib_a-mlock.o)
                0x08004066                __malloc_unlock
 .text._Balloc  0x08004068       0x70 c:/program files (x86)/gnu tools arm embedded/5.4 2016q3/bin/../lib/gcc/arm-none-eabi/5.4.1/../../../../arm-none-eabi/lib/armv6-m\libg_nano.a(lib_a-mprec.o)
                0x08004068                _Balloc
 .text._Bfree   0x080040d8       0x32 c:/program files (x86)/gnu tools arm embedded/5.4 2016q3/bin/../lib/gcc/arm-none-eabi/5.4.1/../../../../arm-none-eabi/lib/armv6-m\libg_nano.a(lib_a-mprec.o)
                0x080040d8                _Bfree
 .text.__multadd
                0x0800410a       0x7a c:/program files (x86)/gnu tools arm embedded/5.4 2016q3/bin/../lib/gcc/arm-none-eabi/5.4.1/../../../../arm-none-eabi/lib/armv6-m\libg_nano.a(lib_a-mprec.o)
                0x0800410a                __multadd
 .text.__hi0bits
                0x08004184       0x36 c:/program files (x86)/gnu tools arm embedded/5.4 2016q3/bin/../lib/gcc/arm-none-eabi/5.4.1/../../../../arm-none-eabi/lib/armv6-m\libg_nano.a(lib_a-mprec.o)
                0x08004184                __hi0bits
 .text.__lo0bits
                0x080041ba       0x5e c:/program files (x86)/gnu tools arm embedded/5.4 2016q3/bin/../lib/gcc/arm-none-eabi/5.4.1/../../../../arm-none-eabi/lib/armv6-m\libg_nano.a(lib_a-mprec.o)
                0x080041ba                __lo0bits
 .text.__i2b    0x08004218       0x12 c:/program files (x86)/gnu tools arm embedded/5.4 2016q3/bin/../lib/gcc/arm-none-eabi/5.4.1/../../../../arm-none-eabi/lib/armv6-m\libg_nano.a(lib_a-mprec.o)
                0x08004218                __i2b
 .text.__multiply
                0x0800422a      0x112 c:/program files (x86)/gnu tools arm embedded/5.4 2016q3/bin/../lib/gcc/arm-none-eabi/5.4.1/../../../../arm-none-eabi/lib/armv6-m\libg_nano.a(lib_a-mprec.o)
                0x0800422a                __multiply
 .text.__pow5mult
                0x0800433c       0xa8 c:/program files (x86)/gnu tools arm embedded/5.4 2016q3/bin/../lib/gcc/arm-none-eabi/5.4.1/../../../../arm-none-eabi/lib/armv6-m\libg_nano.a(lib_a-mprec.o)
                0x0800433c                __pow5mult
 .text.__lshift
                0x080043e4       0xa4 c:/program files (x86)/gnu tools arm embedded/5.4 2016q3/bin/../lib/gcc/arm-none-eabi/5.4.1/../../../../arm-none-eabi/lib/armv6-m\libg_nano.a(lib_a-mprec.o)
                0x080043e4                __lshift
 .text.__mcmp   0x08004488       0x36 c:/program files (x86)/gnu tools arm embedded/5.4 2016q3/bin/../lib/gcc/arm-none-eabi/5.4.1/../../../../arm-none-eabi/lib/armv6-m\libg_nano.a(lib_a-mprec.o)
                0x08004488                __mcmp
 .text.__mdiff  0x080044be       0xd6 c:/program files (x86)/gnu tools arm embedded/5.4 2016q3/bin/../lib/gcc/arm-none-eabi/5.4.1/../../../../arm-none-eabi/lib/armv6-m\libg_nano.a(lib_a-mprec.o)
                0x080044be                __mdiff
 .text.__d2b    0x08004594       0xa8 c:/program files (x86)/gnu tools arm embedded/5.4 2016q3/bin/../lib/gcc/arm-none-eabi/5.4.1/../../../../arm-none-eabi/lib/armv6-m\libg_nano.a(lib_a-mprec.o)
                0x08004594                __d2b
 .text._calloc_r
                0x0800463c       0x1c c:/program files (x86)/gnu tools arm embedded/5.4 2016q3/bin/../lib/gcc/arm-none-eabi/5.4.1/../../../../arm-none-eabi/lib/armv6-m\libg_nano.a(lib_a-nano-callocr.o)
                0x0800463c                _calloc_r
 .text._free_r  0x08004658       0x98 c:/program files (x86)/gnu tools arm embedded/5.4 2016q3/bin/../lib/gcc/arm-none-eabi/5.4.1/../../../../arm-none-eabi/lib/armv6-m\libg_nano.a(lib_a-nano-freer.o)
                0x08004658                _free_r
 .text.__ssputs_r
                0x080046f0       0xc4 c:/program files (x86)/gnu tools arm embedded/5.4 2016q3/bin/../lib/gcc/arm-none-eabi/5.4.1/../../../../arm-none-eabi/lib/armv6-m\libg_nano.a(lib_a-nano-svfprintf.o)
                0x080046f0                __ssputs_r
 .text._svfprintf_r
                0x080047b4      0x1fc c:/program files (x86)/gnu tools arm embedded/5.4 2016q3/bin/../lib/gcc/arm-none-eabi/5.4.1/../../../../arm-none-eabi/lib/armv6-m\libg_nano.a(lib_a-nano-svfprintf.o)
                0x080047b4                _svfiprintf_r
                0x080047b4                _svfprintf_r
 .text.memmove  0x080049b0       0x2a c:/program files (x86)/gnu tools arm embedded/5.4 2016q3/bin/../lib/gcc/arm-none-eabi/5.4.1/../../../../arm-none-eabi/lib/armv6-m\libg_nano.a(lib_a-memmove.o)
                0x080049b0                memmove
 .text._realloc_r
                0x080049da       0x4c c:/program files (x86)/gnu tools arm embedded/5.4 2016q3/bin/../lib/gcc/arm-none-eabi/5.4.1/../../../../arm-none-eabi/lib/armv6-m\libg_nano.a(lib_a-nano-reallocr.o)
                0x080049da                _realloc_r
 .text._malloc_usable_size_r
                0x08004a26       0x16 c:/program files (x86)/gnu tools arm embedded/5.4 2016q3/bin/../lib/gcc/arm-none-eabi/5.4.1/../../../../arm-none-eabi/lib/armv6-m\libg_nano.a(lib_a-nano-msizer.o)
                0x08004a26                _malloc_usable_size_r
 .text          0x08004a3c       0x14 c:/program files (x86)/gnu tools arm embedded/5.4 2016q3/bin/../lib/gcc/arm-none-eabi/5.4.1/armv6-m\libgcc.a(_thumb1_case_uqi.o)
                0x08004a3c                __gnu_thumb1_case_uqi
 .text          0x08004a50      0x1d4 c:/program files (x86)/gnu tools arm embedded/5.4 2016q3/bin/../lib/gcc/arm-none-eabi/5.4.1/armv6-m\libgcc.a(_divsi3.o)
                0x08004a50                __divsi3
                0x08004a50                __aeabi_idiv
                0x08004c1c                __aeabi_idivmod
 .text          0x08004c24       0x7c c:/program files (x86)/gnu tools arm embedded/5.4 2016q3/bin/../lib/gcc/arm-none-eabi/5.4.1/armv6-m\libgcc.a(_arm_cmpdf2.o)
                0x08004c24                __aeabi_cdrcmple
                0x08004c34                __aeabi_cdcmple
                0x08004c34                __aeabi_cdcmpeq
                0x08004c44                __aeabi_dcmpeq
                0x08004c50                __aeabi_dcmplt
                0x08004c64                __aeabi_dcmple
                0x08004c78                __aeabi_dcmpgt
                0x08004c8c                __aeabi_dcmpge
 .text          0x08004ca0      0x658 c:/program files (x86)/gnu tools arm embedded/5.4 2016q3/bin/../lib/gcc/arm-none-eabi/5.4.1/armv6-m\libgcc.a(adddf3.o)
                0x08004ca0                __aeabi_dadd
 .text          0x080052f8       0x80 c:/program files (x86)/gnu tools arm embedded/5.4 2016q3/bin/../lib/gcc/arm-none-eabi/5.4.1/armv6-m\libgcc.a(eqdf2.o)
                0x080052f8                __nedf2
                0x080052f8                __eqdf2
 .text          0x08005378       0xc8 c:/program files (x86)/gnu tools arm embedded/5.4 2016q3/bin/../lib/gcc/arm-none-eabi/5.4.1/armv6-m\libgcc.a(gedf2.o)
                0x08005378                __gedf2
                0x08005378                __gtdf2
 .text          0x08005440       0xd4 c:/program files (x86)/gnu tools arm embedded/5.4 2016q3/bin/../lib/gcc/arm-none-eabi/5.4.1/armv6-m\libgcc.a(ledf2.o)
                0x08005440                __ledf2
                0x08005440                __ltdf2
 .text          0x08005514      0x4f4 c:/program files (x86)/gnu tools arm embedded/5.4 2016q3/bin/../lib/gcc/arm-none-eabi/5.4.1/armv6-m\libgcc.a(muldf3.o)
                0x08005514                __aeabi_dmul
 .text          0x08005a08      0x6a8 c:/program files (x86)/gnu tools arm embedded/5.4 2016q3/bin/../lib/gcc/arm-none-eabi/5.4.1/armv6-m\libgcc.a(subdf3.o)
                0x08005a08                __aeabi_dsub
 .text          0x080060b0       0x40 c:/program files (x86)/gnu tools arm embedded/5.4 2016q3/bin/../lib/gcc/arm-none-eabi/5.4.1/armv6-m\libgcc.a(unorddf2.o)
                0x080060b0                __aeabi_dcmpun
 .text          0x080060f0       0x6c c:/program files (x86)/gnu tools arm embedded/5.4 2016q3/bin/../lib/gcc/arm-none-eabi/5.4.1/armv6-m\libgcc.a(fixdfsi.o)
                0x080060f0                __aeabi_d2iz
 .text          0x0800615c       0x84 c:/program files (x86)/gnu tools arm embedded/5.4 2016q3/bin/../lib/gcc/arm-none-eabi/5.4.1/armv6-m\libgcc.a(floatsidf.o)
                0x0800615c                __aeabi_i2d
 .text          0x080061e0       0x70 c:/program files (x86)/gnu tools arm embedded/5.4 2016q3/bin/../lib/gcc/arm-none-eabi/5.4.1/armv6-m\libgcc.a(floatunsidf.o)
                0x080061e0                __aeabi_ui2d
 *(.rodata .rodata.* .constdata .constdata.*)
 .rodata.str1.4
                0x08006250       0x31 ./system/src/stm32f0-stdperiph/stm32f0xx_gpio.o
 *fill*         0x08006281        0x3 
 .rodata.str1.4
                0x08006284       0x30 ./system/src/stm32f0-stdperiph/stm32f0xx_rcc.o
 .rodata.str1.4
                0x080062b4       0x30 ./system/src/stm32f0-stdperiph/stm32f0xx_spi.o
 .rodata.str1.4
                0x080062e4       0x14 ./system/src/newlib/_exit.o
 .rodata.str1.4
                0x080062f8        0x9 ./system/src/newlib/_syscalls.o
 *fill*         0x08006301        0x3 
 .rodata.str1.4
                0x08006304       0x6b ./system/src/newlib/assert.o
                                 0x6f (size before relaxing)
 *fill*         0x0800636f        0x1 
 .rodata.str1.4
                0x08006370       0x29 ./system/src/diag/Trace.o
                                 0x2d (size before relaxing)
 *fill*         0x08006399        0x3 
 .rodata.str1.4
                0x0800639c       0xbd ./system/src/cortexm/exception_handlers.o
 *fill*         0x08006459        0x3 
 .rodata.str1.4
                0x0800645c       0x21 ./src/lcd.o
                                 0x25 (size before relaxing)
 *fill*         0x0800647d        0x3 
 .rodata.str1.4
                0x08006480       0x14 ./src/main.o
 .rodata        0x08006494       0x80 c:/program files (x86)/gnu tools arm embedded/5.4 2016q3/bin/../lib/gcc/arm-none-eabi/5.4.1/armv6-m\libgcc.a(divsf3.o)
 .rodata        0x08006514       0x40 c:/program files (x86)/gnu tools arm embedded/5.4 2016q3/bin/../lib/gcc/arm-none-eabi/5.4.1/armv6-m\libgcc.a(mulsf3.o)
 .rodata        0x08006554       0x40 c:/program files (x86)/gnu tools arm embedded/5.4 2016q3/bin/../lib/gcc/arm-none-eabi/5.4.1/armv6-m\libgcc.a(divdf3.o)
 .rodata.__sf_fake_stdin
                0x08006594       0x20 c:/program files (x86)/gnu tools arm embedded/5.4 2016q3/bin/../lib/gcc/arm-none-eabi/5.4.1/../../../../arm-none-eabi/lib/armv6-m\libg_nano.a(lib_a-findfp.o)
                0x08006594                __sf_fake_stdin
 .rodata.__sf_fake_stdout
                0x080065b4       0x20 c:/program files (x86)/gnu tools arm embedded/5.4 2016q3/bin/../lib/gcc/arm-none-eabi/5.4.1/../../../../arm-none-eabi/lib/armv6-m\libg_nano.a(lib_a-findfp.o)
                0x080065b4                __sf_fake_stdout
 .rodata.__sf_fake_stderr
                0x080065d4       0x20 c:/program files (x86)/gnu tools arm embedded/5.4 2016q3/bin/../lib/gcc/arm-none-eabi/5.4.1/../../../../arm-none-eabi/lib/armv6-m\libg_nano.a(lib_a-findfp.o)
                0x080065d4                __sf_fake_stderr
 .rodata.str1.1
                0x080065f4        0xa c:/program files (x86)/gnu tools arm embedded/5.4 2016q3/bin/../lib/gcc/arm-none-eabi/5.4.1/../../../../arm-none-eabi/lib/armv6-m\libg_nano.a(lib_a-locale.o)
                                  0xb (size before relaxing)
 .rodata.str1.1
                0x080065fe       0x12 c:/program files (x86)/gnu tools arm embedded/5.4 2016q3/bin/../lib/gcc/arm-none-eabi/5.4.1/../../../../arm-none-eabi/lib/armv6-m\libg_nano.a(lib_a-nano-vfprintf_float.o)
 .rodata.str1.1
                0x08006610       0x22 c:/program files (x86)/gnu tools arm embedded/5.4 2016q3/bin/../lib/gcc/arm-none-eabi/5.4.1/../../../../arm-none-eabi/lib/armv6-m\libg_nano.a(lib_a-nano-vfprintf_i.o)
 .rodata._ctype_
                0x08006632      0x101 c:/program files (x86)/gnu tools arm embedded/5.4 2016q3/bin/../lib/gcc/arm-none-eabi/5.4.1/../../../../arm-none-eabi/lib/armv6-m\libg_nano.a(lib_a-ctype_.o)
                0x08006632                _ctype_
 .rodata.str1.1
                0x08006733        0xd c:/program files (x86)/gnu tools arm embedded/5.4 2016q3/bin/../lib/gcc/arm-none-eabi/5.4.1/../../../../arm-none-eabi/lib/armv6-m\libg_nano.a(lib_a-dtoa.o)
                                  0xf (size before relaxing)
 .rodata.__mprec_tens
                0x08006740       0xc8 c:/program files (x86)/gnu tools arm embedded/5.4 2016q3/bin/../lib/gcc/arm-none-eabi/5.4.1/../../../../arm-none-eabi/lib/armv6-m\libg_nano.a(lib_a-mprec.o)
                0x08006740                __mprec_tens
 .rodata.__mprec_bigtens
                0x08006808       0x28 c:/program files (x86)/gnu tools arm embedded/5.4 2016q3/bin/../lib/gcc/arm-none-eabi/5.4.1/../../../../arm-none-eabi/lib/armv6-m\libg_nano.a(lib_a-mprec.o)
                0x08006808                __mprec_bigtens
 .rodata.p05.6097
                0x08006830        0xc c:/program files (x86)/gnu tools arm embedded/5.4 2016q3/bin/../lib/gcc/arm-none-eabi/5.4.1/../../../../arm-none-eabi/lib/armv6-m\libg_nano.a(lib_a-mprec.o)
 .rodata.str1.1
                0x0800683c       0x11 c:/program files (x86)/gnu tools arm embedded/5.4 2016q3/bin/../lib/gcc/arm-none-eabi/5.4.1/../../../../arm-none-eabi/lib/armv6-m\libg_nano.a(lib_a-nano-svfprintf.o)
 *fill*         0x0800684d        0x3 
 .rodata        0x08006850       0x40 c:/program files (x86)/gnu tools arm embedded/5.4 2016q3/bin/../lib/gcc/arm-none-eabi/5.4.1/armv6-m\libgcc.a(muldf3.o)
 *(vtable)
 *(.eh_frame*)
 *(.glue_7)
 .glue_7        0x08006890        0x0 linker stubs
 *(.glue_7t)
 .glue_7t       0x08006890        0x0 linker stubs

.vfp11_veneer   0x08006890        0x0
 .vfp11_veneer  0x08006890        0x0 linker stubs

.v4_bx          0x08006890        0x0
 .v4_bx         0x08006890        0x0 linker stubs

.iplt           0x08006890        0x0
 .iplt          0x08006890        0x0 ./system/src/stm32f0-stdperiph/stm32f0xx_gpio.o

.rel.dyn        0x08006890        0x0
 .rel.iplt      0x08006890        0x0 ./system/src/stm32f0-stdperiph/stm32f0xx_gpio.o

.ARM.extab
 *(.ARM.extab* .gnu.linkonce.armextab.*)
                0x08006890                . = ALIGN (0x4)
                0x08006890                __exidx_start = .

.ARM.exidx
 *(.ARM.exidx* .gnu.linkonce.armexidx.*)
                0x08006890                __exidx_end = .
                0x08006890                . = ALIGN (0x4)
                0x08006890                _etext = .
                0x08006890                __etext = .

.data_CCMRAM    0x00000000        0x0 load address 0x08006890
 FILL mask 0xff
 *(.data.CCMRAM .data.CCMRAM.*)
                0x00000000                . = ALIGN (0x4)
                0x08006890                _sidata = LOADADDR (.data)

.data           0x20000000      0x1ec load address 0x08006890
 FILL mask 0xff
                0x20000000                _sdata = .
                0x20000000                __data_start__ = .
 *(.data_begin .data_begin.*)
 .data_begin    0x20000000        0x4 ./system/src/newlib/_startup.o
 *(.data .data.*)
 .data.AHBPrescTable
                0x20000004       0x10 ./system/src/cmsis/system_stm32f0xx.o
                0x20000004                AHBPrescTable
 .data.SystemCoreClock
                0x20000014        0x4 ./system/src/cmsis/system_stm32f0xx.o
                0x20000014                SystemCoreClock
 .data.impure_data
                0x20000018       0x60 c:/program files (x86)/gnu tools arm embedded/5.4 2016q3/bin/../lib/gcc/arm-none-eabi/5.4.1/../../../../arm-none-eabi/lib/armv6-m\libg_nano.a(lib_a-impure.o)
 .data._impure_ptr
                0x20000078        0x4 c:/program files (x86)/gnu tools arm embedded/5.4 2016q3/bin/../lib/gcc/arm-none-eabi/5.4.1/../../../../arm-none-eabi/lib/armv6-m\libg_nano.a(lib_a-impure.o)
                0x20000078                _impure_ptr
 .data.__global_locale
                0x2000007c      0x16c c:/program files (x86)/gnu tools arm embedded/5.4 2016q3/bin/../lib/gcc/arm-none-eabi/5.4.1/../../../../arm-none-eabi/lib/armv6-m\libg_nano.a(lib_a-locale.o)
                0x2000007c                __global_locale
 *(.data_end .data_end.*)
 .data_end      0x200001e8        0x4 ./system/src/newlib/_startup.o
                0x200001ec                . = ALIGN (0x4)
                0x200001ec                _edata = .
                0x200001ec                __data_end__ = .

.igot.plt       0x200001ec        0x0 load address 0x08006a7c
 .igot.plt      0x200001ec        0x0 ./system/src/stm32f0-stdperiph/stm32f0xx_gpio.o

.bss_CCMRAM     0x00000000        0x0
 *(.bss.CCMRAM .bss.CCMRAM.*)

.bss            0x200001ec      0x1c8
                0x200001ec                __bss_start__ = .
                0x200001ec                _sbss = .
 *(.bss_begin .bss_begin.*)
 .bss_begin     0x200001ec        0x4 ./system/src/newlib/_startup.o
 *(.bss .bss.*)
 .bss.current_heap_end.4454
                0x200001f0        0x4 ./system/src/newlib/_sbrk.o
 .bss.monitor_stdout
                0x200001f4        0x4 ./system/src/newlib/_syscalls.o
 .bss.args_buf.6307
                0x200001f8       0x50 ./system/src/newlib/_syscalls.o
 .bss.monitor_stdin
                0x20000248        0x4 ./system/src/newlib/_syscalls.o
 .bss.argv_buf.6308
                0x2000024c       0x28 ./system/src/newlib/_syscalls.o
 .bss.monitor_stderr
                0x20000274        0x4 ./system/src/newlib/_syscalls.o
 .bss.openfiles
                0x20000278       0xa0 ./system/src/newlib/_syscalls.o
 .bss.buf.5659  0x20000318       0x80 ./system/src/diag/Trace.o
 .bss.resistance
                0x20000398        0x4 ./src/main.o
                0x20000398                resistance
 .bss.frequency
                0x2000039c        0x4 ./src/main.o
                0x2000039c                frequency
 .bss.period    0x200003a0        0x4 ./src/main.o
                0x200003a0                period
 .bss.__malloc_sbrk_start
                0x200003a4        0x4 c:/program files (x86)/gnu tools arm embedded/5.4 2016q3/bin/../lib/gcc/arm-none-eabi/5.4.1/../../../../arm-none-eabi/lib/armv6-m\libg_nano.a(lib_a-nano-mallocr.o)
                0x200003a4                __malloc_sbrk_start
 .bss.__malloc_free_list
                0x200003a8        0x4 c:/program files (x86)/gnu tools arm embedded/5.4 2016q3/bin/../lib/gcc/arm-none-eabi/5.4.1/../../../../arm-none-eabi/lib/armv6-m\libg_nano.a(lib_a-nano-mallocr.o)
                0x200003a8                __malloc_free_list
 *(COMMON)
 COMMON         0x200003ac        0x4 ./system/src/newlib/_syscalls.o
                0x200003ac                errno
 *(.bss_end .bss_end.*)
 .bss_end       0x200003b0        0x4 ./system/src/newlib/_startup.o
                0x200003b4                . = ALIGN (0x4)
                0x200003b4                __bss_end__ = .
                0x200003b4                _ebss = .

.noinit_CCMRAM
 *(.noinit.CCMRAM .noinit.CCMRAM.*)

.noinit         0x200003b4        0x0
                0x200003b4                _noinit = .
 *(.noinit .noinit.*)
                0x200003b4                . = ALIGN (0x4)
                0x200003b4                _end_noinit = .
                [!provide]                PROVIDE (end, _end_noinit)
                [!provide]                PROVIDE (_end, _end_noinit)
                [!provide]                PROVIDE (__end, _end_noinit)
                [!provide]                PROVIDE (__end__, _end_noinit)

._check_stack   0x200003b4      0x100
                0x200004b4                . = (. + _Minimum_Stack_Size)
 *fill*         0x200003b4      0x100 

.b1text
 *(.b1text)
 *(.b1rodata)
 *(.b1rodata.*)

.eb0text
 *(.eb0text)
 *(.eb0rodata)
 *(.eb0rodata.*)

.eb1text
 *(.eb1text)
 *(.eb1rodata)
 *(.eb1rodata.*)

.eb2text
 *(.eb2text)
 *(.eb2rodata)
 *(.eb2rodata.*)

.eb3text
 *(.eb3text)
 *(.eb3rodata)
 *(.eb3rodata.*)

.stab
 *(.stab)

.stabstr
 *(.stabstr)

.stab.excl
 *(.stab.excl)

.stab.exclstr
 *(.stab.exclstr)

.stab.index
 *(.stab.index)

.stab.indexstr
 *(.stab.indexstr)

.comment        0x00000000       0x6e
 *(.comment)
 .comment       0x00000000       0x6e ./system/src/stm32f0-stdperiph/stm32f0xx_gpio.o
                                 0x6f (size before relaxing)
 .comment       0x0000006e       0x6f ./system/src/stm32f0-stdperiph/stm32f0xx_rcc.o
 .comment       0x0000006e       0x6f ./system/src/stm32f0-stdperiph/stm32f0xx_spi.o
 .comment       0x0000006e       0x6f ./system/src/newlib/_exit.o
 .comment       0x0000006e       0x6f ./system/src/newlib/_sbrk.o
 .comment       0x0000006e       0x6f ./system/src/newlib/_startup.o
 .comment       0x0000006e       0x6f ./system/src/newlib/_syscalls.o
 .comment       0x0000006e       0x6f ./system/src/newlib/assert.o
 .comment       0x0000006e       0x6f ./system/src/diag/Trace.o
 .comment       0x0000006e       0x6f ./system/src/diag/trace_impl.o
 .comment       0x0000006e       0x6f ./system/src/cortexm/_initialize_hardware.o
 .comment       0x0000006e       0x6f ./system/src/cortexm/exception_handlers.o
 .comment       0x0000006e       0x6f ./system/src/cmsis/system_stm32f0xx.o
 .comment       0x0000006e       0x6f ./system/src/cmsis/vectors_stm32f0xx.o
 .comment       0x0000006e       0x6f ./src/lcd.o
 .comment       0x0000006e       0x6f ./src/main.o

.ARM.attributes
                0x00000000       0x2f
 .ARM.attributes
                0x00000000       0x31 ./system/src/stm32f0-stdperiph/stm32f0xx_gpio.o
 .ARM.attributes
                0x00000031       0x31 ./system/src/stm32f0-stdperiph/stm32f0xx_rcc.o
 .ARM.attributes
                0x00000062       0x31 ./system/src/stm32f0-stdperiph/stm32f0xx_spi.o
 .ARM.attributes
                0x00000093       0x31 ./system/src/newlib/_exit.o
 .ARM.attributes
                0x000000c4       0x31 ./system/src/newlib/_sbrk.o
 .ARM.attributes
                0x000000f5       0x31 ./system/src/newlib/_startup.o
 .ARM.attributes
                0x00000126       0x31 ./system/src/newlib/_syscalls.o
 .ARM.attributes
                0x00000157       0x31 ./system/src/newlib/assert.o
 .ARM.attributes
                0x00000188       0x31 ./system/src/diag/Trace.o
 .ARM.attributes
                0x000001b9       0x31 ./system/src/diag/trace_impl.o
 .ARM.attributes
                0x000001ea       0x31 ./system/src/cortexm/_initialize_hardware.o
 .ARM.attributes
                0x0000021b       0x31 ./system/src/cortexm/exception_handlers.o
 .ARM.attributes
                0x0000024c       0x31 ./system/src/cmsis/system_stm32f0xx.o
 .ARM.attributes
                0x0000027d       0x31 ./system/src/cmsis/vectors_stm32f0xx.o
 .ARM.attributes
                0x000002ae       0x31 ./src/lcd.o
 .ARM.attributes
                0x000002df       0x31 ./src/main.o
 .ARM.attributes
                0x00000310       0x1e c:/program files (x86)/gnu tools arm embedded/5.4 2016q3/bin/../lib/gcc/arm-none-eabi/5.4.1/armv6-m\libgcc.a(_udivsi3.o)
 .ARM.attributes
                0x0000032e       0x1e c:/program files (x86)/gnu tools arm embedded/5.4 2016q3/bin/../lib/gcc/arm-none-eabi/5.4.1/armv6-m\libgcc.a(_dvmd_tls.o)
 .ARM.attributes
                0x0000034c       0x1e c:/program files (x86)/gnu tools arm embedded/5.4 2016q3/bin/../lib/gcc/arm-none-eabi/5.4.1/armv6-m\libgcc.a(_arm_cmpsf2.o)
 .ARM.attributes
                0x0000036a       0x2c c:/program files (x86)/gnu tools arm embedded/5.4 2016q3/bin/../lib/gcc/arm-none-eabi/5.4.1/armv6-m\libgcc.a(_fixunssfsi.o)
 .ARM.attributes
                0x00000396       0x2c c:/program files (x86)/gnu tools arm embedded/5.4 2016q3/bin/../lib/gcc/arm-none-eabi/5.4.1/armv6-m\libgcc.a(addsf3.o)
 .ARM.attributes
                0x000003c2       0x2c c:/program files (x86)/gnu tools arm embedded/5.4 2016q3/bin/../lib/gcc/arm-none-eabi/5.4.1/armv6-m\libgcc.a(divsf3.o)
 .ARM.attributes
                0x000003ee       0x2c c:/program files (x86)/gnu tools arm embedded/5.4 2016q3/bin/../lib/gcc/arm-none-eabi/5.4.1/armv6-m\libgcc.a(eqsf2.o)
 .ARM.attributes
                0x0000041a       0x2c c:/program files (x86)/gnu tools arm embedded/5.4 2016q3/bin/../lib/gcc/arm-none-eabi/5.4.1/armv6-m\libgcc.a(gesf2.o)
 .ARM.attributes
                0x00000446       0x2c c:/program files (x86)/gnu tools arm embedded/5.4 2016q3/bin/../lib/gcc/arm-none-eabi/5.4.1/armv6-m\libgcc.a(lesf2.o)
 .ARM.attributes
                0x00000472       0x2c c:/program files (x86)/gnu tools arm embedded/5.4 2016q3/bin/../lib/gcc/arm-none-eabi/5.4.1/armv6-m\libgcc.a(mulsf3.o)
 .ARM.attributes
                0x0000049e       0x2c c:/program files (x86)/gnu tools arm embedded/5.4 2016q3/bin/../lib/gcc/arm-none-eabi/5.4.1/armv6-m\libgcc.a(subsf3.o)
 .ARM.attributes
                0x000004ca       0x2c c:/program files (x86)/gnu tools arm embedded/5.4 2016q3/bin/../lib/gcc/arm-none-eabi/5.4.1/armv6-m\libgcc.a(fixsfsi.o)
 .ARM.attributes
                0x000004f6       0x2c c:/program files (x86)/gnu tools arm embedded/5.4 2016q3/bin/../lib/gcc/arm-none-eabi/5.4.1/armv6-m\libgcc.a(floatunsisf.o)
 .ARM.attributes
                0x00000522       0x2c c:/program files (x86)/gnu tools arm embedded/5.4 2016q3/bin/../lib/gcc/arm-none-eabi/5.4.1/armv6-m\libgcc.a(divdf3.o)
 .ARM.attributes
                0x0000054e       0x2c c:/program files (x86)/gnu tools arm embedded/5.4 2016q3/bin/../lib/gcc/arm-none-eabi/5.4.1/armv6-m\libgcc.a(extendsfdf2.o)
 .ARM.attributes
                0x0000057a       0x2c c:/program files (x86)/gnu tools arm embedded/5.4 2016q3/bin/../lib/gcc/arm-none-eabi/5.4.1/armv6-m\libgcc.a(truncdfsf2.o)
 .ARM.attributes
                0x000005a6       0x1e c:/program files (x86)/gnu tools arm embedded/5.4 2016q3/bin/../lib/gcc/arm-none-eabi/5.4.1/armv6-m\libgcc.a(_clzsi2.o)
 .ARM.attributes
                0x000005c4       0x2c c:/program files (x86)/gnu tools arm embedded/5.4 2016q3/bin/../lib/gcc/arm-none-eabi/5.4.1/../../../../arm-none-eabi/lib/armv6-m\libg_nano.a(lib_a-errno.o)
 .ARM.attributes
                0x000005f0       0x2c c:/program files (x86)/gnu tools arm embedded/5.4 2016q3/bin/../lib/gcc/arm-none-eabi/5.4.1/../../../../arm-none-eabi/lib/armv6-m\libg_nano.a(lib_a-findfp.o)
 .ARM.attributes
                0x0000061c       0x2c c:/program files (x86)/gnu tools arm embedded/5.4 2016q3/bin/../lib/gcc/arm-none-eabi/5.4.1/../../../../arm-none-eabi/lib/armv6-m\libg_nano.a(lib_a-impure.o)
 .ARM.attributes
                0x00000648       0x2c c:/program files (x86)/gnu tools arm embedded/5.4 2016q3/bin/../lib/gcc/arm-none-eabi/5.4.1/../../../../arm-none-eabi/lib/armv6-m\libg_nano.a(lib_a-locale.o)
 .ARM.attributes
                0x00000674       0x2c c:/program files (x86)/gnu tools arm embedded/5.4 2016q3/bin/../lib/gcc/arm-none-eabi/5.4.1/../../../../arm-none-eabi/lib/armv6-m\libg_nano.a(lib_a-mbtowc_r.o)
 .ARM.attributes
                0x000006a0       0x2c c:/program files (x86)/gnu tools arm embedded/5.4 2016q3/bin/../lib/gcc/arm-none-eabi/5.4.1/../../../../arm-none-eabi/lib/armv6-m\libg_nano.a(lib_a-memset.o)
 .ARM.attributes
                0x000006cc       0x2c c:/program files (x86)/gnu tools arm embedded/5.4 2016q3/bin/../lib/gcc/arm-none-eabi/5.4.1/../../../../arm-none-eabi/lib/armv6-m\libg_nano.a(lib_a-nano-mallocr.o)
 .ARM.attributes
                0x000006f8       0x2c c:/program files (x86)/gnu tools arm embedded/5.4 2016q3/bin/../lib/gcc/arm-none-eabi/5.4.1/../../../../arm-none-eabi/lib/armv6-m\libg_nano.a(lib_a-nano-vfprintf_float.o)
 .ARM.attributes
                0x00000724       0x2c c:/program files (x86)/gnu tools arm embedded/5.4 2016q3/bin/../lib/gcc/arm-none-eabi/5.4.1/../../../../arm-none-eabi/lib/armv6-m\libg_nano.a(lib_a-nano-vfprintf_i.o)
 .ARM.attributes
                0x00000750       0x2c c:/program files (x86)/gnu tools arm embedded/5.4 2016q3/bin/../lib/gcc/arm-none-eabi/5.4.1/../../../../arm-none-eabi/lib/armv6-m\libg_nano.a(lib_a-sbrkr.o)
 .ARM.attributes
                0x0000077c       0x2c c:/program files (x86)/gnu tools arm embedded/5.4 2016q3/bin/../lib/gcc/arm-none-eabi/5.4.1/../../../../arm-none-eabi/lib/armv6-m\libg_nano.a(lib_a-sprintf.o)
 .ARM.attributes
                0x000007a8       0x1c c:/program files (x86)/gnu tools arm embedded/5.4 2016q3/bin/../lib/gcc/arm-none-eabi/5.4.1/../../../../arm-none-eabi/lib/armv6-m\libg_nano.a(lib_a-strlen.o)
 .ARM.attributes
                0x000007c4       0x2c c:/program files (x86)/gnu tools arm embedded/5.4 2016q3/bin/../lib/gcc/arm-none-eabi/5.4.1/../../../../arm-none-eabi/lib/armv6-m\libg_nano.a(lib_a-vsnprintf.o)
 .ARM.attributes
                0x000007f0       0x2c c:/program files (x86)/gnu tools arm embedded/5.4 2016q3/bin/../lib/gcc/arm-none-eabi/5.4.1/../../../../arm-none-eabi/lib/armv6-m\libg_nano.a(lib_a-wctomb_r.o)
 .ARM.attributes
                0x0000081c       0x2c c:/program files (x86)/gnu tools arm embedded/5.4 2016q3/bin/../lib/gcc/arm-none-eabi/5.4.1/../../../../arm-none-eabi/lib/armv6-m\libg_nano.a(lib_a-ctype_.o)
 .ARM.attributes
                0x00000848       0x2c c:/program files (x86)/gnu tools arm embedded/5.4 2016q3/bin/../lib/gcc/arm-none-eabi/5.4.1/../../../../arm-none-eabi/lib/armv6-m\libg_nano.a(lib_a-dtoa.o)
 .ARM.attributes
                0x00000874       0x2c c:/program files (x86)/gnu tools arm embedded/5.4 2016q3/bin/../lib/gcc/arm-none-eabi/5.4.1/../../../../arm-none-eabi/lib/armv6-m\libg_nano.a(lib_a-localeconv.o)
 .ARM.attributes
                0x000008a0       0x2c c:/program files (x86)/gnu tools arm embedded/5.4 2016q3/bin/../lib/gcc/arm-none-eabi/5.4.1/../../../../arm-none-eabi/lib/armv6-m\libg_nano.a(lib_a-malloc.o)
 .ARM.attributes
                0x000008cc       0x2c c:/program files (x86)/gnu tools arm embedded/5.4 2016q3/bin/../lib/gcc/arm-none-eabi/5.4.1/../../../../arm-none-eabi/lib/armv6-m\libg_nano.a(lib_a-memchr-stub.o)
 .ARM.attributes
                0x000008f8       0x2c c:/program files (x86)/gnu tools arm embedded/5.4 2016q3/bin/../lib/gcc/arm-none-eabi/5.4.1/../../../../arm-none-eabi/lib/armv6-m\libg_nano.a(lib_a-memcpy-stub.o)
 .ARM.attributes
                0x00000924       0x2c c:/program files (x86)/gnu tools arm embedded/5.4 2016q3/bin/../lib/gcc/arm-none-eabi/5.4.1/../../../../arm-none-eabi/lib/armv6-m\libg_nano.a(lib_a-mlock.o)
 .ARM.attributes
                0x00000950       0x2c c:/program files (x86)/gnu tools arm embedded/5.4 2016q3/bin/../lib/gcc/arm-none-eabi/5.4.1/../../../../arm-none-eabi/lib/armv6-m\libg_nano.a(lib_a-mprec.o)
 .ARM.attributes
                0x0000097c       0x2c c:/program files (x86)/gnu tools arm embedded/5.4 2016q3/bin/../lib/gcc/arm-none-eabi/5.4.1/../../../../arm-none-eabi/lib/armv6-m\libg_nano.a(lib_a-nano-callocr.o)
 .ARM.attributes
                0x000009a8       0x2c c:/program files (x86)/gnu tools arm embedded/5.4 2016q3/bin/../lib/gcc/arm-none-eabi/5.4.1/../../../../arm-none-eabi/lib/armv6-m\libg_nano.a(lib_a-nano-freer.o)
 .ARM.attributes
                0x000009d4       0x2c c:/program files (x86)/gnu tools arm embedded/5.4 2016q3/bin/../lib/gcc/arm-none-eabi/5.4.1/../../../../arm-none-eabi/lib/armv6-m\libg_nano.a(lib_a-nano-svfprintf.o)
 .ARM.attributes
                0x00000a00       0x2c c:/program files (x86)/gnu tools arm embedded/5.4 2016q3/bin/../lib/gcc/arm-none-eabi/5.4.1/../../../../arm-none-eabi/lib/armv6-m\libg_nano.a(lib_a-memmove.o)
 .ARM.attributes
                0x00000a2c       0x2c c:/program files (x86)/gnu tools arm embedded/5.4 2016q3/bin/../lib/gcc/arm-none-eabi/5.4.1/../../../../arm-none-eabi/lib/armv6-m\libg_nano.a(lib_a-nano-reallocr.o)
 .ARM.attributes
                0x00000a58       0x2c c:/program files (x86)/gnu tools arm embedded/5.4 2016q3/bin/../lib/gcc/arm-none-eabi/5.4.1/../../../../arm-none-eabi/lib/armv6-m\libg_nano.a(lib_a-nano-msizer.o)
 .ARM.attributes
                0x00000a84       0x1e c:/program files (x86)/gnu tools arm embedded/5.4 2016q3/bin/../lib/gcc/arm-none-eabi/5.4.1/armv6-m\libgcc.a(_thumb1_case_uqi.o)
 .ARM.attributes
                0x00000aa2       0x1e c:/program files (x86)/gnu tools arm embedded/5.4 2016q3/bin/../lib/gcc/arm-none-eabi/5.4.1/armv6-m\libgcc.a(_divsi3.o)
 .ARM.attributes
                0x00000ac0       0x1e c:/program files (x86)/gnu tools arm embedded/5.4 2016q3/bin/../lib/gcc/arm-none-eabi/5.4.1/armv6-m\libgcc.a(_arm_cmpdf2.o)
 .ARM.attributes
                0x00000ade       0x2c c:/program files (x86)/gnu tools arm embedded/5.4 2016q3/bin/../lib/gcc/arm-none-eabi/5.4.1/armv6-m\libgcc.a(adddf3.o)
 .ARM.attributes
                0x00000b0a       0x2c c:/program files (x86)/gnu tools arm embedded/5.4 2016q3/bin/../lib/gcc/arm-none-eabi/5.4.1/armv6-m\libgcc.a(eqdf2.o)
 .ARM.attributes
                0x00000b36       0x2c c:/program files (x86)/gnu tools arm embedded/5.4 2016q3/bin/../lib/gcc/arm-none-eabi/5.4.1/armv6-m\libgcc.a(gedf2.o)
 .ARM.attributes
                0x00000b62       0x2c c:/program files (x86)/gnu tools arm embedded/5.4 2016q3/bin/../lib/gcc/arm-none-eabi/5.4.1/armv6-m\libgcc.a(ledf2.o)
 .ARM.attributes
                0x00000b8e       0x2c c:/program files (x86)/gnu tools arm embedded/5.4 2016q3/bin/../lib/gcc/arm-none-eabi/5.4.1/armv6-m\libgcc.a(muldf3.o)
 .ARM.attributes
                0x00000bba       0x2c c:/program files (x86)/gnu tools arm embedded/5.4 2016q3/bin/../lib/gcc/arm-none-eabi/5.4.1/armv6-m\libgcc.a(subdf3.o)
 .ARM.attributes
                0x00000be6       0x2c c:/program files (x86)/gnu tools arm embedded/5.4 2016q3/bin/../lib/gcc/arm-none-eabi/5.4.1/armv6-m\libgcc.a(unorddf2.o)
 .ARM.attributes
                0x00000c12       0x2c c:/program files (x86)/gnu tools arm embedded/5.4 2016q3/bin/../lib/gcc/arm-none-eabi/5.4.1/armv6-m\libgcc.a(fixdfsi.o)
 .ARM.attributes
                0x00000c3e       0x2c c:/program files (x86)/gnu tools arm embedded/5.4 2016q3/bin/../lib/gcc/arm-none-eabi/5.4.1/armv6-m\libgcc.a(floatsidf.o)
 .ARM.attributes
                0x00000c6a       0x2c c:/program files (x86)/gnu tools arm embedded/5.4 2016q3/bin/../lib/gcc/arm-none-eabi/5.4.1/armv6-m\libgcc.a(floatunsidf.o)

.debug
 *(.debug)

.line
 *(.line)

.debug_srcinfo
 *(.debug_srcinfo)

.debug_sfnames
 *(.debug_sfnames)

.debug_aranges  0x00000000      0x6e0
 *(.debug_aranges)
 .debug_aranges
                0x00000000       0x80 ./system/src/stm32f0-stdperiph/stm32f0xx_gpio.o
 .debug_aranges
                0x00000080      0x160 ./system/src/stm32f0-stdperiph/stm32f0xx_rcc.o
 .debug_aranges
                0x000001e0      0x110 ./system/src/stm32f0-stdperiph/stm32f0xx_spi.o
 .debug_aranges
                0x000002f0       0x28 ./system/src/newlib/_exit.o
 .debug_aranges
                0x00000318       0x20 ./system/src/newlib/_sbrk.o
 .debug_aranges
                0x00000338       0x40 ./system/src/newlib/_startup.o
 .debug_aranges
                0x00000378      0x120 ./system/src/newlib/_syscalls.o
 .debug_aranges
                0x00000498       0x28 ./system/src/newlib/assert.o
 .debug_aranges
                0x000004c0       0x38 ./system/src/diag/Trace.o
 .debug_aranges
                0x000004f8       0x30 ./system/src/diag/trace_impl.o
 .debug_aranges
                0x00000528       0x28 ./system/src/cortexm/_initialize_hardware.o
 .debug_aranges
                0x00000550       0x58 ./system/src/cortexm/exception_handlers.o
 .debug_aranges
                0x000005a8       0x30 ./system/src/cmsis/system_stm32f0xx.o
 .debug_aranges
                0x000005d8       0x20 ./system/src/cmsis/vectors_stm32f0xx.o
 .debug_aranges
                0x000005f8       0x68 ./src/lcd.o
 .debug_aranges
                0x00000660       0x80 ./src/main.o

.debug_pubnames
 *(.debug_pubnames)

.debug_info     0x00000000     0x7b66
 *(.debug_info .gnu.linkonce.wi.*)
 .debug_info    0x00000000      0xa26 ./system/src/stm32f0-stdperiph/stm32f0xx_gpio.o
 .debug_info    0x00000a26      0xf4a ./system/src/stm32f0-stdperiph/stm32f0xx_rcc.o
 .debug_info    0x00001970     0x124a ./system/src/stm32f0-stdperiph/stm32f0xx_spi.o
 .debug_info    0x00002bba       0xef ./system/src/newlib/_exit.o
 .debug_info    0x00002ca9      0x11f ./system/src/newlib/_sbrk.o
 .debug_info    0x00002dc8      0x460 ./system/src/newlib/_startup.o
 .debug_info    0x00003228     0x1f50 ./system/src/newlib/_syscalls.o
 .debug_info    0x00005178      0x1b9 ./system/src/newlib/assert.o
 .debug_info    0x00005331      0x2e7 ./system/src/diag/Trace.o
 .debug_info    0x00005618      0x2eb ./system/src/diag/trace_impl.o
 .debug_info    0x00005903       0xcb ./system/src/cortexm/_initialize_hardware.o
 .debug_info    0x000059ce      0x332 ./system/src/cortexm/exception_handlers.o
 .debug_info    0x00005d00      0x317 ./system/src/cmsis/system_stm32f0xx.o
 .debug_info    0x00006017       0xd1 ./system/src/cmsis/vectors_stm32f0xx.o
 .debug_info    0x000060e8      0xce6 ./src/lcd.o
 .debug_info    0x00006dce      0xd98 ./src/main.o

.debug_abbrev   0x00000000     0x1947
 *(.debug_abbrev)
 .debug_abbrev  0x00000000      0x1d6 ./system/src/stm32f0-stdperiph/stm32f0xx_gpio.o
 .debug_abbrev  0x000001d6      0x237 ./system/src/stm32f0-stdperiph/stm32f0xx_rcc.o
 .debug_abbrev  0x0000040d      0x1e7 ./system/src/stm32f0-stdperiph/stm32f0xx_spi.o
 .debug_abbrev  0x000005f4       0x8e ./system/src/newlib/_exit.o
 .debug_abbrev  0x00000682       0xb9 ./system/src/newlib/_sbrk.o
 .debug_abbrev  0x0000073b      0x1ac ./system/src/newlib/_startup.o
 .debug_abbrev  0x000008e7      0x416 ./system/src/newlib/_syscalls.o
 .debug_abbrev  0x00000cfd       0xab ./system/src/newlib/assert.o
 .debug_abbrev  0x00000da8      0x156 ./system/src/diag/Trace.o
 .debug_abbrev  0x00000efe      0x1ae ./system/src/diag/trace_impl.o
 .debug_abbrev  0x000010ac       0x63 ./system/src/cortexm/_initialize_hardware.o
 .debug_abbrev  0x0000110f      0x15c ./system/src/cortexm/exception_handlers.o
 .debug_abbrev  0x0000126b      0x148 ./system/src/cmsis/system_stm32f0xx.o
 .debug_abbrev  0x000013b3       0x9d ./system/src/cmsis/vectors_stm32f0xx.o
 .debug_abbrev  0x00001450      0x1f4 ./src/lcd.o
 .debug_abbrev  0x00001644      0x303 ./src/main.o

.debug_line     0x00000000     0x5f57
 *(.debug_line)
 .debug_line    0x00000000      0x886 ./system/src/stm32f0-stdperiph/stm32f0xx_gpio.o
 .debug_line    0x00000886      0xb43 ./system/src/stm32f0-stdperiph/stm32f0xx_rcc.o
 .debug_line    0x000013c9      0xaf6 ./system/src/stm32f0-stdperiph/stm32f0xx_spi.o
 .debug_line    0x00001ebf      0x33d ./system/src/newlib/_exit.o
 .debug_line    0x000021fc      0x2ed ./system/src/newlib/_sbrk.o
 .debug_line    0x000024e9      0x3ad ./system/src/newlib/_startup.o
 .debug_line    0x00002896      0x88c ./system/src/newlib/_syscalls.o
 .debug_line    0x00003122      0x381 ./system/src/newlib/assert.o
 .debug_line    0x000034a3      0x3ac ./system/src/diag/Trace.o
 .debug_line    0x0000384f      0x638 ./system/src/diag/trace_impl.o
 .debug_line    0x00003e87      0x4c8 ./system/src/cortexm/_initialize_hardware.o
 .debug_line    0x0000434f      0x687 ./system/src/cortexm/exception_handlers.o
 .debug_line    0x000049d6      0x506 ./system/src/cmsis/system_stm32f0xx.o
 .debug_line    0x00004edc      0x249 ./system/src/cmsis/vectors_stm32f0xx.o
 .debug_line    0x00005125      0x6f2 ./src/lcd.o
 .debug_line    0x00005817      0x740 ./src/main.o

.debug_frame    0x00000000     0x1f74
 *(.debug_frame)
 .debug_frame   0x00000000      0x164 ./system/src/stm32f0-stdperiph/stm32f0xx_gpio.o
 .debug_frame   0x00000164      0x3f8 ./system/src/stm32f0-stdperiph/stm32f0xx_rcc.o
 .debug_frame   0x0000055c      0x328 ./system/src/stm32f0-stdperiph/stm32f0xx_spi.o
 .debug_frame   0x00000884       0x38 ./system/src/newlib/_exit.o
 .debug_frame   0x000008bc       0x28 ./system/src/newlib/_sbrk.o
 .debug_frame   0x000008e4       0x80 ./system/src/newlib/_startup.o
 .debug_frame   0x00000964      0x398 ./system/src/newlib/_syscalls.o
 .debug_frame   0x00000cfc       0x44 ./system/src/newlib/assert.o
 .debug_frame   0x00000d40       0x78 ./system/src/diag/Trace.o
 .debug_frame   0x00000db8       0x60 ./system/src/diag/trace_impl.o
 .debug_frame   0x00000e18       0x40 ./system/src/cortexm/_initialize_hardware.o
 .debug_frame   0x00000e58       0xb0 ./system/src/cortexm/exception_handlers.o
 .debug_frame   0x00000f08       0x54 ./system/src/cmsis/system_stm32f0xx.o
 .debug_frame   0x00000f5c       0x20 ./system/src/cmsis/vectors_stm32f0xx.o
 .debug_frame   0x00000f7c      0x110 ./src/lcd.o
 .debug_frame   0x0000108c      0x128 ./src/main.o
 .debug_frame   0x000011b4       0x20 c:/program files (x86)/gnu tools arm embedded/5.4 2016q3/bin/../lib/gcc/arm-none-eabi/5.4.1/armv6-m\libgcc.a(_udivsi3.o)
 .debug_frame   0x000011d4       0x28 c:/program files (x86)/gnu tools arm embedded/5.4 2016q3/bin/../lib/gcc/arm-none-eabi/5.4.1/armv6-m\libgcc.a(_fixunssfsi.o)
 .debug_frame   0x000011fc       0x30 c:/program files (x86)/gnu tools arm embedded/5.4 2016q3/bin/../lib/gcc/arm-none-eabi/5.4.1/armv6-m\libgcc.a(addsf3.o)
 .debug_frame   0x0000122c       0x3c c:/program files (x86)/gnu tools arm embedded/5.4 2016q3/bin/../lib/gcc/arm-none-eabi/5.4.1/armv6-m\libgcc.a(divsf3.o)
 .debug_frame   0x00001268       0x2c c:/program files (x86)/gnu tools arm embedded/5.4 2016q3/bin/../lib/gcc/arm-none-eabi/5.4.1/armv6-m\libgcc.a(eqsf2.o)
 .debug_frame   0x00001294       0x30 c:/program files (x86)/gnu tools arm embedded/5.4 2016q3/bin/../lib/gcc/arm-none-eabi/5.4.1/armv6-m\libgcc.a(gesf2.o)
 .debug_frame   0x000012c4       0x30 c:/program files (x86)/gnu tools arm embedded/5.4 2016q3/bin/../lib/gcc/arm-none-eabi/5.4.1/armv6-m\libgcc.a(lesf2.o)
 .debug_frame   0x000012f4       0x38 c:/program files (x86)/gnu tools arm embedded/5.4 2016q3/bin/../lib/gcc/arm-none-eabi/5.4.1/armv6-m\libgcc.a(mulsf3.o)
 .debug_frame   0x0000132c       0x30 c:/program files (x86)/gnu tools arm embedded/5.4 2016q3/bin/../lib/gcc/arm-none-eabi/5.4.1/armv6-m\libgcc.a(subsf3.o)
 .debug_frame   0x0000135c       0x20 c:/program files (x86)/gnu tools arm embedded/5.4 2016q3/bin/../lib/gcc/arm-none-eabi/5.4.1/armv6-m\libgcc.a(fixsfsi.o)
 .debug_frame   0x0000137c       0x2c c:/program files (x86)/gnu tools arm embedded/5.4 2016q3/bin/../lib/gcc/arm-none-eabi/5.4.1/armv6-m\libgcc.a(floatunsisf.o)
 .debug_frame   0x000013a8       0x3c c:/program files (x86)/gnu tools arm embedded/5.4 2016q3/bin/../lib/gcc/arm-none-eabi/5.4.1/armv6-m\libgcc.a(divdf3.o)
 .debug_frame   0x000013e4       0x2c c:/program files (x86)/gnu tools arm embedded/5.4 2016q3/bin/../lib/gcc/arm-none-eabi/5.4.1/armv6-m\libgcc.a(extendsfdf2.o)
 .debug_frame   0x00001410       0x2c c:/program files (x86)/gnu tools arm embedded/5.4 2016q3/bin/../lib/gcc/arm-none-eabi/5.4.1/armv6-m\libgcc.a(truncdfsf2.o)
 .debug_frame   0x0000143c       0x20 c:/program files (x86)/gnu tools arm embedded/5.4 2016q3/bin/../lib/gcc/arm-none-eabi/5.4.1/../../../../arm-none-eabi/lib/armv6-m\libg_nano.a(lib_a-errno.o)
 .debug_frame   0x0000145c      0x140 c:/program files (x86)/gnu tools arm embedded/5.4 2016q3/bin/../lib/gcc/arm-none-eabi/5.4.1/../../../../arm-none-eabi/lib/armv6-m\libg_nano.a(lib_a-findfp.o)
 .debug_frame   0x0000159c       0x94 c:/program files (x86)/gnu tools arm embedded/5.4 2016q3/bin/../lib/gcc/arm-none-eabi/5.4.1/../../../../arm-none-eabi/lib/armv6-m\libg_nano.a(lib_a-locale.o)
 .debug_frame   0x00001630       0x44 c:/program files (x86)/gnu tools arm embedded/5.4 2016q3/bin/../lib/gcc/arm-none-eabi/5.4.1/../../../../arm-none-eabi/lib/armv6-m\libg_nano.a(lib_a-mbtowc_r.o)
 .debug_frame   0x00001674       0x20 c:/program files (x86)/gnu tools arm embedded/5.4 2016q3/bin/../lib/gcc/arm-none-eabi/5.4.1/../../../../arm-none-eabi/lib/armv6-m\libg_nano.a(lib_a-memset.o)
 .debug_frame   0x00001694       0x2c c:/program files (x86)/gnu tools arm embedded/5.4 2016q3/bin/../lib/gcc/arm-none-eabi/5.4.1/../../../../arm-none-eabi/lib/armv6-m\libg_nano.a(lib_a-nano-mallocr.o)
 .debug_frame   0x000016c0       0x74 c:/program files (x86)/gnu tools arm embedded/5.4 2016q3/bin/../lib/gcc/arm-none-eabi/5.4.1/../../../../arm-none-eabi/lib/armv6-m\libg_nano.a(lib_a-nano-vfprintf_float.o)
 .debug_frame   0x00001734       0x54 c:/program files (x86)/gnu tools arm embedded/5.4 2016q3/bin/../lib/gcc/arm-none-eabi/5.4.1/../../../../arm-none-eabi/lib/armv6-m\libg_nano.a(lib_a-nano-vfprintf_i.o)
 .debug_frame   0x00001788       0x2c c:/program files (x86)/gnu tools arm embedded/5.4 2016q3/bin/../lib/gcc/arm-none-eabi/5.4.1/../../../../arm-none-eabi/lib/armv6-m\libg_nano.a(lib_a-sbrkr.o)
 .debug_frame   0x000017b4       0x50 c:/program files (x86)/gnu tools arm embedded/5.4 2016q3/bin/../lib/gcc/arm-none-eabi/5.4.1/../../../../arm-none-eabi/lib/armv6-m\libg_nano.a(lib_a-sprintf.o)
 .debug_frame   0x00001804       0x48 c:/program files (x86)/gnu tools arm embedded/5.4 2016q3/bin/../lib/gcc/arm-none-eabi/5.4.1/../../../../arm-none-eabi/lib/armv6-m\libg_nano.a(lib_a-vsnprintf.o)
 .debug_frame   0x0000184c       0x38 c:/program files (x86)/gnu tools arm embedded/5.4 2016q3/bin/../lib/gcc/arm-none-eabi/5.4.1/../../../../arm-none-eabi/lib/armv6-m\libg_nano.a(lib_a-wctomb_r.o)
 .debug_frame   0x00001884       0x54 c:/program files (x86)/gnu tools arm embedded/5.4 2016q3/bin/../lib/gcc/arm-none-eabi/5.4.1/../../../../arm-none-eabi/lib/armv6-m\libg_nano.a(lib_a-dtoa.o)
 .debug_frame   0x000018d8       0x40 c:/program files (x86)/gnu tools arm embedded/5.4 2016q3/bin/../lib/gcc/arm-none-eabi/5.4.1/../../../../arm-none-eabi/lib/armv6-m\libg_nano.a(lib_a-localeconv.o)
 .debug_frame   0x00001918       0x40 c:/program files (x86)/gnu tools arm embedded/5.4 2016q3/bin/../lib/gcc/arm-none-eabi/5.4.1/../../../../arm-none-eabi/lib/armv6-m\libg_nano.a(lib_a-malloc.o)
 .debug_frame   0x00001958       0x20 c:/program files (x86)/gnu tools arm embedded/5.4 2016q3/bin/../lib/gcc/arm-none-eabi/5.4.1/../../../../arm-none-eabi/lib/armv6-m\libg_nano.a(lib_a-memchr-stub.o)
 .debug_frame   0x00001978       0x28 c:/program files (x86)/gnu tools arm embedded/5.4 2016q3/bin/../lib/gcc/arm-none-eabi/5.4.1/../../../../arm-none-eabi/lib/armv6-m\libg_nano.a(lib_a-memcpy-stub.o)
 .debug_frame   0x000019a0       0x30 c:/program files (x86)/gnu tools arm embedded/5.4 2016q3/bin/../lib/gcc/arm-none-eabi/5.4.1/../../../../arm-none-eabi/lib/armv6-m\libg_nano.a(lib_a-mlock.o)
 .debug_frame   0x000019d0      0x238 c:/program files (x86)/gnu tools arm embedded/5.4 2016q3/bin/../lib/gcc/arm-none-eabi/5.4.1/../../../../arm-none-eabi/lib/armv6-m\libg_nano.a(lib_a-mprec.o)
 .debug_frame   0x00001c08       0x2c c:/program files (x86)/gnu tools arm embedded/5.4 2016q3/bin/../lib/gcc/arm-none-eabi/5.4.1/../../../../arm-none-eabi/lib/armv6-m\libg_nano.a(lib_a-nano-callocr.o)
 .debug_frame   0x00001c34       0x2c c:/program files (x86)/gnu tools arm embedded/5.4 2016q3/bin/../lib/gcc/arm-none-eabi/5.4.1/../../../../arm-none-eabi/lib/armv6-m\libg_nano.a(lib_a-nano-freer.o)
 .debug_frame   0x00001c60       0x74 c:/program files (x86)/gnu tools arm embedded/5.4 2016q3/bin/../lib/gcc/arm-none-eabi/5.4.1/../../../../arm-none-eabi/lib/armv6-m\libg_nano.a(lib_a-nano-svfprintf.o)
 .debug_frame   0x00001cd4       0x28 c:/program files (x86)/gnu tools arm embedded/5.4 2016q3/bin/../lib/gcc/arm-none-eabi/5.4.1/../../../../arm-none-eabi/lib/armv6-m\libg_nano.a(lib_a-memmove.o)
 .debug_frame   0x00001cfc       0x30 c:/program files (x86)/gnu tools arm embedded/5.4 2016q3/bin/../lib/gcc/arm-none-eabi/5.4.1/../../../../arm-none-eabi/lib/armv6-m\libg_nano.a(lib_a-nano-reallocr.o)
 .debug_frame   0x00001d2c       0x20 c:/program files (x86)/gnu tools arm embedded/5.4 2016q3/bin/../lib/gcc/arm-none-eabi/5.4.1/../../../../arm-none-eabi/lib/armv6-m\libg_nano.a(lib_a-nano-msizer.o)
 .debug_frame   0x00001d4c       0x20 c:/program files (x86)/gnu tools arm embedded/5.4 2016q3/bin/../lib/gcc/arm-none-eabi/5.4.1/armv6-m\libgcc.a(_divsi3.o)
 .debug_frame   0x00001d6c       0x3c c:/program files (x86)/gnu tools arm embedded/5.4 2016q3/bin/../lib/gcc/arm-none-eabi/5.4.1/armv6-m\libgcc.a(adddf3.o)
 .debug_frame   0x00001da8       0x38 c:/program files (x86)/gnu tools arm embedded/5.4 2016q3/bin/../lib/gcc/arm-none-eabi/5.4.1/armv6-m\libgcc.a(eqdf2.o)
 .debug_frame   0x00001de0       0x38 c:/program files (x86)/gnu tools arm embedded/5.4 2016q3/bin/../lib/gcc/arm-none-eabi/5.4.1/armv6-m\libgcc.a(gedf2.o)
 .debug_frame   0x00001e18       0x38 c:/program files (x86)/gnu tools arm embedded/5.4 2016q3/bin/../lib/gcc/arm-none-eabi/5.4.1/armv6-m\libgcc.a(ledf2.o)
 .debug_frame   0x00001e50       0x3c c:/program files (x86)/gnu tools arm embedded/5.4 2016q3/bin/../lib/gcc/arm-none-eabi/5.4.1/armv6-m\libgcc.a(muldf3.o)
 .debug_frame   0x00001e8c       0x38 c:/program files (x86)/gnu tools arm embedded/5.4 2016q3/bin/../lib/gcc/arm-none-eabi/5.4.1/armv6-m\libgcc.a(subdf3.o)
 .debug_frame   0x00001ec4       0x2c c:/program files (x86)/gnu tools arm embedded/5.4 2016q3/bin/../lib/gcc/arm-none-eabi/5.4.1/armv6-m\libgcc.a(unorddf2.o)
 .debug_frame   0x00001ef0       0x2c c:/program files (x86)/gnu tools arm embedded/5.4 2016q3/bin/../lib/gcc/arm-none-eabi/5.4.1/armv6-m\libgcc.a(fixdfsi.o)
 .debug_frame   0x00001f1c       0x2c c:/program files (x86)/gnu tools arm embedded/5.4 2016q3/bin/../lib/gcc/arm-none-eabi/5.4.1/armv6-m\libgcc.a(floatsidf.o)
 .debug_frame   0x00001f48       0x2c c:/program files (x86)/gnu tools arm embedded/5.4 2016q3/bin/../lib/gcc/arm-none-eabi/5.4.1/armv6-m\libgcc.a(floatunsidf.o)

.debug_str      0x00000000    0x52b95
 *(.debug_str)
 .debug_str     0x00000000    0x49fab ./system/src/stm32f0-stdperiph/stm32f0xx_gpio.o
                              0x4a166 (size before relaxing)
 .debug_str     0x00049fab      0x669 ./system/src/stm32f0-stdperiph/stm32f0xx_rcc.o
                              0x4a510 (size before relaxing)
 .debug_str     0x0004a614      0x50f ./system/src/stm32f0-stdperiph/stm32f0xx_spi.o
                              0x4a4c7 (size before relaxing)
 .debug_str     0x0004ab23     0x4433 ./system/src/newlib/_exit.o
                               0x6d5b (size before relaxing)
 .debug_str     0x0004ef56      0x4de ./system/src/newlib/_sbrk.o
                               0x6146 (size before relaxing)
 .debug_str     0x0004f434      0x260 ./system/src/newlib/_startup.o
                               0x5cc6 (size before relaxing)
 .debug_str     0x0004f694     0x294e ./system/src/newlib/_syscalls.o
                               0xa521 (size before relaxing)
 .debug_str     0x00051fe2       0xd0 ./system/src/newlib/assert.o
                               0x7835 (size before relaxing)
 .debug_str     0x000520b2      0x156 ./system/src/diag/Trace.o
                               0x754b (size before relaxing)
 .debug_str     0x00052208       0xa2 ./system/src/diag/trace_impl.o
                              0x4d8ed (size before relaxing)
 .debug_str     0x000522aa       0x4e ./system/src/cortexm/_initialize_hardware.o
                              0x49e73 (size before relaxing)
 .debug_str     0x000522f8      0x109 ./system/src/cortexm/exception_handlers.o
                              0x4e34c (size before relaxing)
 .debug_str     0x00052401       0x67 ./system/src/cmsis/system_stm32f0xx.o
                              0x49f41 (size before relaxing)
 .debug_str     0x00052468       0x56 ./system/src/cmsis/vectors_stm32f0xx.o
                               0x3320 (size before relaxing)
 .debug_str     0x000524be      0x1f7 ./src/lcd.o
                              0x4eefb (size before relaxing)
 .debug_str     0x000526b5      0x4e0 ./src/main.o
                              0x4f002 (size before relaxing)

.debug_loc      0x00000000     0x39a2
 *(.debug_loc)
 .debug_loc     0x00000000      0x51a ./system/src/stm32f0-stdperiph/stm32f0xx_gpio.o
 .debug_loc     0x0000051a      0xc03 ./system/src/stm32f0-stdperiph/stm32f0xx_rcc.o
 .debug_loc     0x0000111d      0xbe2 ./system/src/stm32f0-stdperiph/stm32f0xx_spi.o
 .debug_loc     0x00001cff       0x7b ./system/src/newlib/_sbrk.o
 .debug_loc     0x00001d7a      0x265 ./system/src/newlib/_startup.o
 .debug_loc     0x00001fdf     0x108d ./system/src/newlib/_syscalls.o
 .debug_loc     0x0000306c       0xef ./system/src/newlib/assert.o
 .debug_loc     0x0000315b      0x102 ./system/src/diag/Trace.o
 .debug_loc     0x0000325d      0x17c ./system/src/diag/trace_impl.o
 .debug_loc     0x000033d9       0x94 ./system/src/cortexm/exception_handlers.o
 .debug_loc     0x0000346d      0x11f ./system/src/cmsis/system_stm32f0xx.o
 .debug_loc     0x0000358c      0x239 ./src/lcd.o
 .debug_loc     0x000037c5      0x1dd ./src/main.o

.debug_macinfo
 *(.debug_macinfo)

.debug_weaknames
 *(.debug_weaknames)

.debug_funcnames
 *(.debug_funcnames)

.debug_typenames
 *(.debug_typenames)

.debug_varnames
 *(.debug_varnames)
OUTPUT(Final_Project.elf elf32-littlearm)

.debug_ranges   0x00000000      0x648
 .debug_ranges  0x00000000       0x70 ./system/src/stm32f0-stdperiph/stm32f0xx_gpio.o
 .debug_ranges  0x00000070      0x150 ./system/src/stm32f0-stdperiph/stm32f0xx_rcc.o
 .debug_ranges  0x000001c0      0x100 ./system/src/stm32f0-stdperiph/stm32f0xx_spi.o
 .debug_ranges  0x000002c0       0x18 ./system/src/newlib/_exit.o
 .debug_ranges  0x000002d8       0x10 ./system/src/newlib/_sbrk.o
 .debug_ranges  0x000002e8       0x48 ./system/src/newlib/_startup.o
 .debug_ranges  0x00000330      0x148 ./system/src/newlib/_syscalls.o
 .debug_ranges  0x00000478       0x18 ./system/src/newlib/assert.o
 .debug_ranges  0x00000490       0x28 ./system/src/diag/Trace.o
 .debug_ranges  0x000004b8       0x38 ./system/src/diag/trace_impl.o
 .debug_ranges  0x000004f0       0x18 ./system/src/cortexm/_initialize_hardware.o
 .debug_ranges  0x00000508       0x48 ./system/src/cortexm/exception_handlers.o
 .debug_ranges  0x00000550       0x20 ./system/src/cmsis/system_stm32f0xx.o
 .debug_ranges  0x00000570       0x10 ./system/src/cmsis/vectors_stm32f0xx.o
 .debug_ranges  0x00000580       0x58 ./src/lcd.o
 .debug_ranges  0x000005d8       0x70 ./src/main.o

.debug_macro    0x00000000     0xf0cf
 .debug_macro   0x00000000      0x1a4 ./system/src/stm32f0-stdperiph/stm32f0xx_gpio.o
 .debug_macro   0x000001a4      0x844 ./system/src/stm32f0-stdperiph/stm32f0xx_gpio.o
 .debug_macro   0x000009e8       0x7a ./system/src/stm32f0-stdperiph/stm32f0xx_gpio.o
 .debug_macro   0x00000a62       0x22 ./system/src/stm32f0-stdperiph/stm32f0xx_gpio.o
 .debug_macro   0x00000a84       0x87 ./system/src/stm32f0-stdperiph/stm32f0xx_gpio.o
 .debug_macro   0x00000b0b       0x44 ./system/src/stm32f0-stdperiph/stm32f0xx_gpio.o
 .debug_macro   0x00000b4f       0xfd ./system/src/stm32f0-stdperiph/stm32f0xx_gpio.o
 .debug_macro   0x00000c4c       0x5e ./system/src/stm32f0-stdperiph/stm32f0xx_gpio.o
 .debug_macro   0x00000caa      0x1df ./system/src/stm32f0-stdperiph/stm32f0xx_gpio.o
 .debug_macro   0x00000e89       0x35 ./system/src/stm32f0-stdperiph/stm32f0xx_gpio.o
 .debug_macro   0x00000ebe       0x26 ./system/src/stm32f0-stdperiph/stm32f0xx_gpio.o
 .debug_macro   0x00000ee4      0x30d ./system/src/stm32f0-stdperiph/stm32f0xx_gpio.o
 .debug_macro   0x000011f1     0x631c ./system/src/stm32f0-stdperiph/stm32f0xx_gpio.o
 .debug_macro   0x0000750d      0x2eb ./system/src/stm32f0-stdperiph/stm32f0xx_gpio.o
 .debug_macro   0x000077f8      0x3cf ./system/src/stm32f0-stdperiph/stm32f0xx_gpio.o
 .debug_macro   0x00007bc7      0x191 ./system/src/stm32f0-stdperiph/stm32f0xx_gpio.o
 .debug_macro   0x00007d58       0x46 ./system/src/stm32f0-stdperiph/stm32f0xx_gpio.o
 .debug_macro   0x00007d9e       0xd9 ./system/src/stm32f0-stdperiph/stm32f0xx_gpio.o
 .debug_macro   0x00007e77       0xef ./system/src/stm32f0-stdperiph/stm32f0xx_gpio.o
 .debug_macro   0x00007f66      0x184 ./system/src/stm32f0-stdperiph/stm32f0xx_gpio.o
 .debug_macro   0x000080ea       0x7c ./system/src/stm32f0-stdperiph/stm32f0xx_gpio.o
 .debug_macro   0x00008166      0x85b ./system/src/stm32f0-stdperiph/stm32f0xx_gpio.o
 .debug_macro   0x000089c1       0xd5 ./system/src/stm32f0-stdperiph/stm32f0xx_gpio.o
 .debug_macro   0x00008a96      0x240 ./system/src/stm32f0-stdperiph/stm32f0xx_gpio.o
 .debug_macro   0x00008cd6      0x471 ./system/src/stm32f0-stdperiph/stm32f0xx_gpio.o
 .debug_macro   0x00009147      0x2a0 ./system/src/stm32f0-stdperiph/stm32f0xx_gpio.o
 .debug_macro   0x000093e7       0x70 ./system/src/stm32f0-stdperiph/stm32f0xx_gpio.o
 .debug_macro   0x00009457       0xdf ./system/src/stm32f0-stdperiph/stm32f0xx_gpio.o
 .debug_macro   0x00009536      0x522 ./system/src/stm32f0-stdperiph/stm32f0xx_gpio.o
 .debug_macro   0x00009a58      0x4c5 ./system/src/stm32f0-stdperiph/stm32f0xx_gpio.o
 .debug_macro   0x00009f1d      0x396 ./system/src/stm32f0-stdperiph/stm32f0xx_gpio.o
 .debug_macro   0x0000a2b3      0x750 ./system/src/stm32f0-stdperiph/stm32f0xx_gpio.o
 .debug_macro   0x0000aa03      0x356 ./system/src/stm32f0-stdperiph/stm32f0xx_gpio.o
 .debug_macro   0x0000ad59       0x34 ./system/src/stm32f0-stdperiph/stm32f0xx_gpio.o
 .debug_macro   0x0000ad8d       0x3a ./system/src/stm32f0-stdperiph/stm32f0xx_gpio.o
 .debug_macro   0x0000adc7      0x17f ./system/src/stm32f0-stdperiph/stm32f0xx_gpio.o
 .debug_macro   0x0000af46      0x1c2 ./system/src/stm32f0-stdperiph/stm32f0xx_rcc.o
 .debug_macro   0x0000b108      0x185 ./system/src/stm32f0-stdperiph/stm32f0xx_rcc.o
 .debug_macro   0x0000b28d      0x51c ./system/src/stm32f0-stdperiph/stm32f0xx_rcc.o
 .debug_macro   0x0000b7a9      0x1bc ./system/src/stm32f0-stdperiph/stm32f0xx_spi.o
 .debug_macro   0x0000b965      0x390 ./system/src/stm32f0-stdperiph/stm32f0xx_spi.o
 .debug_macro   0x0000bcf5      0x19c ./system/src/newlib/_exit.o
 .debug_macro   0x0000be91       0x9c ./system/src/newlib/_exit.o
 .debug_macro   0x0000bf2d      0x10e ./system/src/newlib/_exit.o
 .debug_macro   0x0000c03b       0x8d ./system/src/newlib/_exit.o
 .debug_macro   0x0000c0c8       0x43 ./system/src/newlib/_exit.o
 .debug_macro   0x0000c10b      0x30d ./system/src/newlib/_exit.o
 .debug_macro   0x0000c418       0x35 ./system/src/newlib/_exit.o
 .debug_macro   0x0000c44d      0x151 ./system/src/newlib/_sbrk.o
 .debug_macro   0x0000c59e      0x174 ./system/src/newlib/_sbrk.o
 .debug_macro   0x0000c712       0x10 ./system/src/newlib/_sbrk.o
 .debug_macro   0x0000c722      0x23b ./system/src/newlib/_sbrk.o
 .debug_macro   0x0000c95d      0x170 ./system/src/newlib/_startup.o
 .debug_macro   0x0000cacd       0x52 ./system/src/newlib/_startup.o
 .debug_macro   0x0000cb1f      0x2c1 ./system/src/newlib/_syscalls.o
 .debug_macro   0x0000cde0       0x10 ./system/src/newlib/_syscalls.o
 .debug_macro   0x0000cdf0       0x10 ./system/src/newlib/_syscalls.o
 .debug_macro   0x0000ce00       0x10 ./system/src/newlib/_syscalls.o
 .debug_macro   0x0000ce10       0x35 ./system/src/newlib/_syscalls.o
 .debug_macro   0x0000ce45      0x122 ./system/src/newlib/_syscalls.o
 .debug_macro   0x0000cf67      0x1da ./system/src/newlib/_syscalls.o
 .debug_macro   0x0000d141       0x10 ./system/src/newlib/_syscalls.o
 .debug_macro   0x0000d151       0x1c ./system/src/newlib/_syscalls.o
 .debug_macro   0x0000d16d       0x10 ./system/src/newlib/_syscalls.o
 .debug_macro   0x0000d17d       0x10 ./system/src/newlib/_syscalls.o
 .debug_macro   0x0000d18d       0x16 ./system/src/newlib/_syscalls.o
 .debug_macro   0x0000d1a3      0x18b ./system/src/newlib/_syscalls.o
 .debug_macro   0x0000d32e       0x16 ./system/src/newlib/_syscalls.o
 .debug_macro   0x0000d344       0x88 ./system/src/newlib/_syscalls.o
 .debug_macro   0x0000d3cc      0x241 ./system/src/newlib/_syscalls.o
 .debug_macro   0x0000d60d       0x16 ./system/src/newlib/_syscalls.o
 .debug_macro   0x0000d623       0x3a ./system/src/newlib/_syscalls.o
 .debug_macro   0x0000d65d      0x111 ./system/src/newlib/_syscalls.o
 .debug_macro   0x0000d76e      0x159 ./system/src/newlib/_syscalls.o
 .debug_macro   0x0000d8c7       0x16 ./system/src/newlib/_syscalls.o
 .debug_macro   0x0000d8dd       0x22 ./system/src/newlib/_syscalls.o
 .debug_macro   0x0000d8ff      0x1c7 ./system/src/newlib/assert.o
 .debug_macro   0x0000dac6       0x1c ./system/src/newlib/assert.o
 .debug_macro   0x0000dae2      0x1d9 ./system/src/diag/Trace.o
 .debug_macro   0x0000dcbb       0x16 ./system/src/diag/Trace.o
 .debug_macro   0x0000dcd1       0x97 ./system/src/diag/Trace.o
 .debug_macro   0x0000dd68       0xfd ./system/src/diag/Trace.o
 .debug_macro   0x0000de65       0x4c ./system/src/diag/Trace.o
 .debug_macro   0x0000deb1      0x2d1 ./system/src/diag/trace_impl.o
 .debug_macro   0x0000e182       0x10 ./system/src/diag/trace_impl.o
 .debug_macro   0x0000e192       0xcf ./system/src/diag/trace_impl.o
 .debug_macro   0x0000e261       0xbe ./system/src/diag/trace_impl.o
 .debug_macro   0x0000e31f      0x1a4 ./system/src/cortexm/_initialize_hardware.o
 .debug_macro   0x0000e4c3      0x311 ./system/src/cortexm/exception_handlers.o
 .debug_macro   0x0000e7d4       0x3b ./system/src/cortexm/exception_handlers.o
 .debug_macro   0x0000e80f       0x10 ./system/src/cortexm/exception_handlers.o
 .debug_macro   0x0000e81f      0x19a ./system/src/cmsis/system_stm32f0xx.o
 .debug_macro   0x0000e9b9       0x73 ./system/src/cmsis/vectors_stm32f0xx.o
 .debug_macro   0x0000ea2c      0x357 ./src/lcd.o
 .debug_macro   0x0000ed83      0x34c ./src/main.o
